BL51 BANKED LINKER/LOCATER V6.22.2.0                                                    12/19/2019  15:45:25  PAGE 1


BL51 BANKED LINKER/LOCATER V6.22.2.0, INVOKED BY:
C:\KEIL_V5\C51\BIN\BL51.EXE .\Objects\STARTUP.obj, .\Objects\main.obj, C:\Keil_v5\C51\LIB\C51S.LIB TO .\Objects\main PRI
>> NT (.\Listings\main.m51)


INPUT MODULES INCLUDED:
  .\Objects\STARTUP.obj (?C_STARTUP)
  .\Objects\main.obj (MAIN)
  C:\Keil_v5\C51\LIB\C51S.LIB (?C_INIT)
  C:\Keil_v5\C51\LIB\C51S.LIB (?C?CLDPTR)
  C:\Keil_v5\C51\LIB\C51S.LIB (?C?CLDOPTR)
  C:\Keil_v5\C51\LIB\C51S.LIB (?C?CSTPTR)
  C:\Keil_v5\C51\LIB\C51S.LIB (?C?IMUL)
  C:\Keil_v5\C51\LIB\C51S.LIB (?C?UIDIV)


LINK MAP OF MODULE:  .\Objects\main (?C_STARTUP)


            TYPE    BASE      LENGTH    RELOCATION   SEGMENT NAME
            -----------------------------------------------------

            * * * * * * *   D A T A   M E M O R Y   * * * * * * *
            REG     0000H     0008H     ABSOLUTE     "REG BANK 0"
            DATA    0008H     001DH     UNIT         ?DT?MAIN
            DATA    0025H     000AH     UNIT         ?DT?READTEMPERATURE?MAIN
            DATA    002FH     0007H     UNIT         ?DT?_SHOW_FONT_8F?MAIN
            DATA    0036H     0007H     UNIT         ?DT?MAIN?MAIN
            DATA    003DH     0006H     UNIT         ?DT?_SHOW_FONT_8?MAIN
            DATA    0043H     0006H     UNIT         ?DT?_SHOW_FONT_16?MAIN
            DATA    0049H     0003H     UNIT         ?DT?_READ_TIME?MAIN
            DATA    004CH     0003H     UNIT         ?DT?_WRITE_TIME?MAIN
            DATA    004FH     0002H     UNIT         ?DT?SHOW_TEMPER?MAIN
            DATA    0051H     0001H     UNIT         ?DT?SHOW_TIME?MAIN
            DATA    0052H     0001H     UNIT         ?DT?SHOW_DEL?MAIN
            DATA    0053H     0001H     UNIT         ?DT?_SET_VIEW?MAIN
            IDATA   0054H     0001H     UNIT         ?STACK

            * * * * * * *   C O D E   M E M O R Y   * * * * * * *
            CODE    0000H     0003H     ABSOLUTE     
            CODE    0003H     0003H     ABSOLUTE     
            CODE    0006H     047AH     UNIT         ?PR?SHOW_DEL?MAIN
            CODE    0480H     03F5H     UNIT         ?CO?MAIN
            CODE    0875H     03B2H     UNIT         ?PR?_SET_VIEW?MAIN
            CODE    0C27H     0259H     UNIT         ?PR?SHOW_TIME?MAIN
            CODE    0E80H     012FH     UNIT         ?PR?MAIN?MAIN
            CODE    0FAFH     00C1H     UNIT         ?PR?SHOW_TEMPER?MAIN
            CODE    1070H     00BFH     UNIT         ?C?LIB_CODE
            CODE    112FH     00A8H     UNIT         ?PR?KEY_SCAN?MAIN
            CODE    11D7H     008CH     UNIT         ?C_C51STARTUP
            CODE    1263H     007AH     UNIT         ?PR?_SHOW_FONT_8F?MAIN
            CODE    12DDH     0072H     UNIT         ?PR?READTEMPERATURE?MAIN
            CODE    134FH     0054H     UNIT         ?PR?SHOW_FIRST_WORD?MAIN
            CODE    13A3H     004AH     UNIT         ?PR?_SHOW_FONT_16?MAIN
            CODE    13EDH     0049H     UNIT         ?PR?INT0_FUN?MAIN
            CODE    1436H     0040H     UNIT         ?PR?_WRITE_TIME?MAIN
            CODE    1476H     003EH     UNIT         ?PR?_SHOW_FONT_8?MAIN
            CODE    14B4H     0039H     UNIT         ?PR?ON_TIME?MAIN
BL51 BANKED LINKER/LOCATER V6.22.2.0                                                  12/19/2019  15:45:25  PAGE 2


            CODE    14EDH     0034H     UNIT         ?PR?_CLS_DISY_DELY?MAIN
            CODE    1521H     0031H     UNIT         ?PR?_READ_TIME?MAIN
            CODE    1552H     002DH     UNIT         ?PR?DSREAD_BYTE?MAIN
            CODE    157FH     002BH     UNIT         ?PR?_CLS_DISY?MAIN
            CODE    15AAH     0028H     UNIT         ?PR?_WRITE_1302_BYTE?MAIN
            CODE    15D2H     0025H     UNIT         ?PR?_SET_LOC?MAIN
            CODE    15F7H     0025H     UNIT         ?C_INITSEG
            CODE    161CH     0024H     UNIT         ?PR?_DS18WRITE_BYTE?MAIN
            CODE    1640H     0020H     UNIT         ?PR?READ_1302_BYTE?MAIN
            CODE    1660H     001EH     UNIT         ?PR?_DELY_MS?MAIN
            CODE    167EH     001DH     UNIT         ?PR?_WRITE_DATA?MAIN
            CODE    169BH     001DH     UNIT         ?PR?OW_RESET?MAIN
            CODE    16B8H     0019H     UNIT         ?PR?_WRITE_BIT?MAIN
            CODE    16D1H     0019H     UNIT         ?PR?READ_BIT?MAIN
            CODE    16EAH     0018H     UNIT         ?PR?_DS18_DELAY?MAIN
            CODE    1702H     0016H     UNIT         ?PR?_WRITE_ORD?MAIN
            CODE    1718H     0014H     UNIT         ?PR?_SELECT_SIDE?MAIN
            CODE    172CH     0013H     UNIT         ?PR?_DEC_BCD?MAIN
            CODE    173FH     0011H     UNIT         ?PR?WAIT_BUSY?MAIN
            CODE    1750H     0011H     UNIT         ?PR?_BCD_DECIMAL?MAIN
            CODE    1761H     000FH     UNIT         ?PR?LED_INIT?MAIN
            CODE    1770H     000BH     UNIT         ?PR?_WRITE_1302?MAIN
            CODE    177BH     0009H     UNIT         ?PR?_READ_1302?MAIN
            CODE    1784H     0006H     UNIT         ?PR?DRMATIC_DISPLAY?MAIN



SYMBOL TABLE OF MODULE:  .\Objects\main (?C_STARTUP)

  VALUE           TYPE          NAME
  ----------------------------------

  -------         MODULE        ?C_STARTUP
  C:11D7H         SEGMENT       ?C_C51STARTUP
  I:0054H         SEGMENT       ?STACK
  C:0000H         PUBLIC        ?C_STARTUP
  D:00E0H         SYMBOL        ACC
  D:00F0H         SYMBOL        B
  D:0083H         SYMBOL        DPH
  D:0082H         SYMBOL        DPL
  N:0000H         SYMBOL        IBPSTACK
  N:0100H         SYMBOL        IBPSTACKTOP
  N:0080H         SYMBOL        IDATALEN
  C:11DAH         SYMBOL        IDATALOOP
  N:0000H         SYMBOL        PBPSTACK
  N:0100H         SYMBOL        PBPSTACKTOP
  N:0000H         SYMBOL        PDATALEN
  N:0000H         SYMBOL        PDATASTART
  N:0000H         SYMBOL        PPAGE
  N:0000H         SYMBOL        PPAGEENABLE
  D:00A0H         SYMBOL        PPAGE_SFR
  D:0081H         SYMBOL        SP
  C:11D7H         SYMBOL        STARTUP1
  N:0000H         SYMBOL        XBPSTACK
  N:0000H         SYMBOL        XBPSTACKTOP
  N:0000H         SYMBOL        XDATALEN
  N:0000H         SYMBOL        XDATASTART
BL51 BANKED LINKER/LOCATER V6.22.2.0                                                  12/19/2019  15:45:25  PAGE 3


  C:0000H         LINE#         126
  C:11D7H         LINE#         133
  C:11D9H         LINE#         134
  C:11DAH         LINE#         135
  C:11DBH         LINE#         136
  C:11DDH         LINE#         185
  C:11E0H         LINE#         196
  -------         ENDMOD        ?C_STARTUP

  -------         MODULE        MAIN
  C:1660H         SEGMENT       ?PR?_DELY_MS?MAIN
  C:1718H         SEGMENT       ?PR?_SELECT_SIDE?MAIN
  C:173FH         SEGMENT       ?PR?WAIT_BUSY?MAIN
  C:1702H         SEGMENT       ?PR?_WRITE_ORD?MAIN
  C:167EH         SEGMENT       ?PR?_WRITE_DATA?MAIN
  C:1761H         SEGMENT       ?PR?LED_INIT?MAIN
  C:157FH         SEGMENT       ?PR?_CLS_DISY?MAIN
  C:14EDH         SEGMENT       ?PR?_CLS_DISY_DELY?MAIN
  C:15D2H         SEGMENT       ?PR?_SET_LOC?MAIN
  C:1476H         SEGMENT       ?PR?_SHOW_FONT_8?MAIN
  D:003DH         SEGMENT       ?DT?_SHOW_FONT_8?MAIN
  C:1263H         SEGMENT       ?PR?_SHOW_FONT_8F?MAIN
  D:002FH         SEGMENT       ?DT?_SHOW_FONT_8F?MAIN
  C:13A3H         SEGMENT       ?PR?_SHOW_FONT_16?MAIN
  D:0043H         SEGMENT       ?DT?_SHOW_FONT_16?MAIN
  C:1750H         SEGMENT       ?PR?_BCD_DECIMAL?MAIN
  C:172CH         SEGMENT       ?PR?_DEC_BCD?MAIN
  C:15AAH         SEGMENT       ?PR?_WRITE_1302_BYTE?MAIN
  C:1640H         SEGMENT       ?PR?READ_1302_BYTE?MAIN
  C:1770H         SEGMENT       ?PR?_WRITE_1302?MAIN
  C:177BH         SEGMENT       ?PR?_READ_1302?MAIN
  C:1521H         SEGMENT       ?PR?_READ_TIME?MAIN
  D:0049H         SEGMENT       ?DT?_READ_TIME?MAIN
  C:1436H         SEGMENT       ?PR?_WRITE_TIME?MAIN
  D:004CH         SEGMENT       ?DT?_WRITE_TIME?MAIN
  C:16EAH         SEGMENT       ?PR?_DS18_DELAY?MAIN
  C:169BH         SEGMENT       ?PR?OW_RESET?MAIN
  C:16B8H         SEGMENT       ?PR?_WRITE_BIT?MAIN
  C:161CH         SEGMENT       ?PR?_DS18WRITE_BYTE?MAIN
  C:16D1H         SEGMENT       ?PR?READ_BIT?MAIN
  C:1552H         SEGMENT       ?PR?DSREAD_BYTE?MAIN
  C:12DDH         SEGMENT       ?PR?READTEMPERATURE?MAIN
  D:0025H         SEGMENT       ?DT?READTEMPERATURE?MAIN
  C:134FH         SEGMENT       ?PR?SHOW_FIRST_WORD?MAIN
  C:0C27H         SEGMENT       ?PR?SHOW_TIME?MAIN
  D:0051H         SEGMENT       ?DT?SHOW_TIME?MAIN
  C:0006H         SEGMENT       ?PR?SHOW_DEL?MAIN
  D:0052H         SEGMENT       ?DT?SHOW_DEL?MAIN
  C:1784H         SEGMENT       ?PR?DRMATIC_DISPLAY?MAIN
  C:14B4H         SEGMENT       ?PR?ON_TIME?MAIN
  C:0FAFH         SEGMENT       ?PR?SHOW_TEMPER?MAIN
  D:004FH         SEGMENT       ?DT?SHOW_TEMPER?MAIN
  C:0875H         SEGMENT       ?PR?_SET_VIEW?MAIN
  D:0053H         SEGMENT       ?DT?_SET_VIEW?MAIN
  C:112FH         SEGMENT       ?PR?KEY_SCAN?MAIN
  C:0E80H         SEGMENT       ?PR?MAIN?MAIN
  D:0036H         SEGMENT       ?DT?MAIN?MAIN
BL51 BANKED LINKER/LOCATER V6.22.2.0                                                  12/19/2019  15:45:25  PAGE 4


  C:13EDH         SEGMENT       ?PR?INT0_FUN?MAIN
  C:15F7H         SEGMENT       ?C_INITSEG
  C:0480H         SEGMENT       ?CO?MAIN
  D:0008H         SEGMENT       ?DT?MAIN
  D:0043H         PUBLIC        ?_SHOW_FONT_16?BYTE
  D:003DH         PUBLIC        ?_SHOW_FONT_8?BYTE
  D:002FH         PUBLIC        ?_SHOW_FONT_8F?BYTE
  D:0008H         PUBLIC        CLA_
  C:1784H         PUBLIC        DRMATIC_DISPLAY
  C:1552H         PUBLIC        DSREAD_BYTE
  C:0520H         PUBLIC        HANZI_16
  C:0780H         PUBLIC        HZ_NUM
  C:13EDH         PUBLIC        INT0_FUN
  C:112FH         PUBLIC        KEY_SCAN
  D:001BH         PUBLIC        LAST_VAL
  C:1761H         PUBLIC        LED_INIT
  D:001DH         PUBLIC        LOC
  C:0E80H         PUBLIC        MAIN
  C:0872H         PUBLIC        MAX_LOC
  C:0480H         PUBLIC        NUM
  C:14B4H         PUBLIC        ON_TIME
  C:169BH         PUBLIC        OW_RESET
  D:0023H         PUBLIC        POI
  C:12DDH         PUBLIC        READTEMPERATURE
  C:1640H         PUBLIC        READ_1302_BYTE
  C:16D1H         PUBLIC        READ_BIT
  D:0013H         PUBLIC        RES
  C:06C0H         PUBLIC        RIZI
  C:0006H         PUBLIC        SHOW_DEL
  C:134FH         PUBLIC        SHOW_FIRST_WORD
  C:0FAFH         PUBLIC        SHOW_TEMPER
  C:0C27H         PUBLIC        SHOW_TIME
  C:0680H         PUBLIC        SING
  D:001AH         PUBLIC        SWITCH
  C:173FH         PUBLIC        WAIT_BUSY
  C:0860H         PUBLIC        XLOC
  D:0024H         PUBLIC        XY_POI
  D:0011H         PUBLIC        X_POI
  C:0869H         PUBLIC        YLOC
  D:0012H         PUBLIC        Y_POI
  C:1750H         PUBLIC        _BCD_DECIMAL
  C:157FH         PUBLIC        _CLS_DISY
  C:14EDH         PUBLIC        _CLS_DISY_DELY
  C:172CH         PUBLIC        _DEC_BCD
  C:1660H         PUBLIC        _DELY_MS
  C:161CH         PUBLIC        _DS18WRITE_BYTE
  C:16EAH         PUBLIC        _DS18_DELAY
  C:177BH         PUBLIC        _READ_1302
  C:1521H         PUBLIC        _READ_TIME
  C:1718H         PUBLIC        _SELECT_SIDE
  C:15D2H         PUBLIC        _SET_LOC
  C:0875H         PUBLIC        _SET_VIEW
  C:13A7H         PUBLIC        _SHOW_FONT_16
  C:147AH         PUBLIC        _SHOW_FONT_8
  C:1267H         PUBLIC        _SHOW_FONT_8F
  C:1770H         PUBLIC        _WRITE_1302
  C:15B0H         PUBLIC        _WRITE_1302_BYTE
BL51 BANKED LINKER/LOCATER V6.22.2.0                                                  12/19/2019  15:45:25  PAGE 5


  C:16B8H         PUBLIC        _WRITE_BIT
  C:168DH         PUBLIC        _WRITE_DATA
  C:170AH         PUBLIC        _WRITE_ORD
  C:1436H         PUBLIC        _WRITE_TIME
  C:1660H         SYMBOL        ?C0001
  C:166DH         SYMBOL        ?C0003
  C:167DH         SYMBOL        ?C0006
  C:1720H         SYMBOL        ?C0007
  C:1722H         SYMBOL        ?C0008
  C:1729H         SYMBOL        ?C0009
  C:172BH         SYMBOL        ?C0011
  C:1743H         SYMBOL        ?C0014
  C:1584H         SYMBOL        ?C0019
  C:15A6H         SYMBOL        ?C0021
  C:1594H         SYMBOL        ?C0022
  C:15A9H         SYMBOL        ?C0025
  C:14F4H         SYMBOL        ?C0026
  C:1504H         SYMBOL        ?C0029
  C:1516H         SYMBOL        ?C0030
  C:1520H         SYMBOL        ?C0032
  C:15F6H         SYMBOL        ?C0035
  C:148AH         SYMBOL        ?C0036
  C:149AH         SYMBOL        ?C0037
  C:14A3H         SYMBOL        ?C0039
  C:14B3H         SYMBOL        ?C0042
  C:1277H         SYMBOL        ?C0043
  C:12A5H         SYMBOL        ?C0044
  C:12A2H         SYMBOL        ?C0045
  C:1296H         SYMBOL        ?C0046
  C:12AEH         SYMBOL        ?C0048
  C:12D9H         SYMBOL        ?C0050
  C:12CDH         SYMBOL        ?C0051
  C:12DCH         SYMBOL        ?C0053
  C:13B7H         SYMBOL        ?C0054
  C:13CDH         SYMBOL        ?C0055
  C:13D6H         SYMBOL        ?C0057
  C:13ECH         SYMBOL        ?C0060
  C:15B2H         SYMBOL        ?C0063
  C:15C4H         SYMBOL        ?C0066
  C:15C6H         SYMBOL        ?C0067
  C:15D1H         SYMBOL        ?C0068
  C:1644H         SYMBOL        ?C0069
  C:165FH         SYMBOL        ?C0070
  C:1658H         SYMBOL        ?C0072
  C:1529H         SYMBOL        ?C0076
  C:1551H         SYMBOL        ?C0079
  C:1445H         SYMBOL        ?C0080
  C:146FH         SYMBOL        ?C0081
  C:16EDH         SYMBOL        ?C0084
  C:1701H         SYMBOL        ?C0087
  C:16C7H         SYMBOL        ?C0089
  C:1620H         SYMBOL        ?C0091
  C:1639H         SYMBOL        ?C0092
  C:16D7H         SYMBOL        ?C0095
  C:16E4H         SYMBOL        ?C0096
  C:1555H         SYMBOL        ?C0099
  C:157CH         SYMBOL        ?C0100
BL51 BANKED LINKER/LOCATER V6.22.2.0                                                  12/19/2019  15:45:25  PAGE 6


  C:1572H         SYMBOL        ?C0102
  C:1300H         SYMBOL        ?C0104
  C:1316H         SYMBOL        ?C0105
  C:1340H         SYMBOL        ?C0107
  C:002FH         SYMBOL        ?C0111
  C:0031H         SYMBOL        ?C0112
  C:0064H         SYMBOL        ?C0113
  C:0066H         SYMBOL        ?C0114
  C:00ADH         SYMBOL        ?C0115
  C:00AFH         SYMBOL        ?C0116
  C:00E4H         SYMBOL        ?C0117
  C:00E6H         SYMBOL        ?C0118
  C:012EH         SYMBOL        ?C0119
  C:0130H         SYMBOL        ?C0120
  C:0169H         SYMBOL        ?C0121
  C:016BH         SYMBOL        ?C0122
  C:01A1H         SYMBOL        ?C0123
  C:01A3H         SYMBOL        ?C0124
  C:01DCH         SYMBOL        ?C0125
  C:01DEH         SYMBOL        ?C0126
  C:0228H         SYMBOL        ?C0127
  C:022AH         SYMBOL        ?C0128
  C:0265H         SYMBOL        ?C0129
  C:0267H         SYMBOL        ?C0130
  C:02B1H         SYMBOL        ?C0131
  C:02B3H         SYMBOL        ?C0132
  C:02EEH         SYMBOL        ?C0133
  C:02F0H         SYMBOL        ?C0134
  C:0326H         SYMBOL        ?C0135
  C:0328H         SYMBOL        ?C0136
  C:0361H         SYMBOL        ?C0137
  C:0363H         SYMBOL        ?C0138
  C:03ADH         SYMBOL        ?C0139
  C:03AFH         SYMBOL        ?C0140
  C:03EAH         SYMBOL        ?C0141
  C:03ECH         SYMBOL        ?C0142
  C:0436H         SYMBOL        ?C0143
  C:0438H         SYMBOL        ?C0144
  C:0473H         SYMBOL        ?C0145
  C:0475H         SYMBOL        ?C0146
  C:14B7H         SYMBOL        ?C0149
  C:14ECH         SYMBOL        ?C0150
  C:14E9H         SYMBOL        ?C0151
  C:106FH         SYMBOL        ?C0155
  C:09AFH         SYMBOL        ?C0156
  C:088BH         SYMBOL        ?C0157
  C:08C1H         SYMBOL        ?C0158
  C:089FH         SYMBOL        ?C0159
  C:08ABH         SYMBOL        ?C0161
  C:08F4H         SYMBOL        ?C0164
  C:08E3H         SYMBOL        ?C0165
  C:09AAH         SYMBOL        ?C0168
  C:0923H         SYMBOL        ?C0169
  C:0913H         SYMBOL        ?C0170
  C:0951H         SYMBOL        ?C0174
  C:0944H         SYMBOL        ?C0175
  C:0976H         SYMBOL        ?C0179
BL51 BANKED LINKER/LOCATER V6.22.2.0                                                  12/19/2019  15:45:25  PAGE 7


  C:0969H         SYMBOL        ?C0180
  C:0994H         SYMBOL        ?C0185
  C:09CFH         SYMBOL        ?C0188
  C:09E5H         SYMBOL        ?C0189
  C:1140H         SYMBOL        ?C0192
  C:1156H         SYMBOL        ?C0194
  C:1174H         SYMBOL        ?C0195
  C:11A9H         SYMBOL        ?C0197
  C:11B2H         SYMBOL        ?C0199
  C:11D6H         SYMBOL        ?C0202
  C:0E99H         SYMBOL        ?C0203
  C:0EFDH         SYMBOL        ?C0205
  C:0EF6H         SYMBOL        ?C0206
  C:0EACH         SYMBOL        ?C0207
  C:0EC2H         SYMBOL        ?C0209
  C:0EC9H         SYMBOL        ?C0210
  C:0ED0H         SYMBOL        ?C0212
  C:0ED7H         SYMBOL        ?C0214
  C:0EDEH         SYMBOL        ?C0216
  C:0F21H         SYMBOL        ?C0221
  C:0FA5H         SYMBOL        ?C0222
  C:0F91H         SYMBOL        ?C0223
  C:0FA0H         SYMBOL        ?C0224
  C:1667H         SYMBOL        ?C0228
  C:167BH         SYMBOL        ?C0229
  C:1547H         SYMBOL        ?C0230
  C:145BH         SYMBOL        ?C0231
  C:16FFH         SYMBOL        ?C0232
  C:156CH         SYMBOL        ?C0233
  C:156EH         SYMBOL        ?C0234
  C:0FC0H         SYMBOL        ?C0235
  C:129EH         SYMBOL        ?C0236
  C:12D5H         SYMBOL        ?C0237
  C:08B4H         SYMBOL        ?C0238
  C:0921H         SYMBOL        ?C0239
  C:094FH         SYMBOL        ?C0240
  C:0974H         SYMBOL        ?C0241
  C:098CH         SYMBOL        ?C0242
  C:099FH         SYMBOL        ?C0243
  C:09E2H         SYMBOL        ?C0244
  C:1196H         SYMBOL        ?C0245
  C:11B9H         SYMBOL        ?C0246
  C:0ECEH         SYMBOL        ?C0247
  C:0ED5H         SYMBOL        ?C0248
  C:0EDCH         SYMBOL        ?C0249
  C:0EF8H         SYMBOL        ?C0250
  D:0036H         SYMBOL        ?MAIN?BYTE
  D:0025H         SYMBOL        ?READTEMPERATURE?BYTE
  D:0052H         SYMBOL        ?SHOW_DEL?BYTE
  D:004FH         SYMBOL        ?SHOW_TEMPER?BYTE
  D:0051H         SYMBOL        ?SHOW_TIME?BYTE
  D:0049H         SYMBOL        ?_READ_TIME?BYTE
  D:0053H         SYMBOL        ?_SET_VIEW?BYTE
  D:004CH         SYMBOL        ?_WRITE_TIME?BYTE
  B:00D0H.6       SYMBOL        AC
  D:00E0H         SYMBOL        ACC
  D:0032H         SYMBOL        ARR?1062
BL51 BANKED LINKER/LOCATER V6.22.2.0                                                  12/19/2019  15:45:25  PAGE 8


  D:0046H         SYMBOL        ARR?1168
  D:0040H         SYMBOL        ARR?957
  D:00F0H         SYMBOL        B
  D:0051H         SYMBOL        BUF?28100
  D:0052H         SYMBOL        BUF?29101
  D:0053H         SYMBOL        BUF?33106
  D:003AH         SYMBOL        BUF_TIME?35111
  B:00A0H.0       SYMBOL        CS1
  B:00A0H.1       SYMBOL        CS2
  B:00D0H.7       SYMBOL        CY
  B:0090H.3       SYMBOL        DOWN
  D:0083H         SYMBOL        DPH
  D:0082H         SYMBOL        DPL
  B:0090H.1       SYMBOL        DQ
  B:00A8H.7       SYMBOL        EA
  B:00A0H.4       SYMBOL        EN
  B:00A8H.4       SYMBOL        ES
  B:00A8H.1       SYMBOL        ET0
  B:00A8H.3       SYMBOL        ET1
  B:00A8H.0       SYMBOL        EX0
  B:00A8H.2       SYMBOL        EX1
  B:0090H.6       SYMBOL        EXIT
  B:00D0H.5       SYMBOL        F0
  D:0039H         SYMBOL        FLAG?35110
  D:0025H         SYMBOL        GET?2695
  D:00A8H         SYMBOL        IE
  B:0088H.1       SYMBOL        IE0
  B:0088H.3       SYMBOL        IE1
  B:00B0H.2       SYMBOL        INT0
  B:00B0H.3       SYMBOL        INT1
  D:00B8H         SYMBOL        IP
  D:0035H         SYMBOL        ISF?1063
  B:0088H.0       SYMBOL        IT0
  B:0088H.2       SYMBOL        IT1
  C:1476H         SYMBOL        L?0251
  C:167EH         SYMBOL        L?0252
  C:1684H         SYMBOL        L?0253
  C:1263H         SYMBOL        L?0254
  C:13A3H         SYMBOL        L?0255
  C:13A3H         SYMBOL        L?0256
  C:1702H         SYMBOL        L?0257
  C:15AAH         SYMBOL        L?0258
  B:00A0H.7       SYMBOL        LED
  B:0090H.4       SYMBOL        LEFT
  B:00D0H.2       SYMBOL        OV
  B:00D0H.0       SYMBOL        P
  D:0080H         SYMBOL        P0
  D:0090H         SYMBOL        P1
  D:00A0H         SYMBOL        P2
  D:00B0H         SYMBOL        P3
  D:0049H         SYMBOL        P?1881
  D:004CH         SYMBOL        P?1983
  D:0087H         SYMBOL        PCON
  B:00B8H.4       SYMBOL        PS
  D:00D0H         SYMBOL        PSW
  B:00B8H.1       SYMBOL        PT0
  B:00B8H.3       SYMBOL        PT1
BL51 BANKED LINKER/LOCATER V6.22.2.0                                                  12/19/2019  15:45:25  PAGE 9


  B:00B8H.0       SYMBOL        PX0
  B:00B8H.2       SYMBOL        PX1
  B:0098H.2       SYMBOL        RB8
  B:00B0H.7       SYMBOL        RD
  B:0098H.4       SYMBOL        REN
  B:0098H.0       SYMBOL        RI
  B:0090H.5       SYMBOL        RIGHT
  B:00A0H.3       SYMBOL        RS
  B:00D0H.3       SYMBOL        RS0
  B:00D0H.4       SYMBOL        RS1
  B:00A0H.2       SYMBOL        RW
  B:00B0H.0       SYMBOL        RXD
  D:0099H         SYMBOL        SBUF
  D:0098H         SYMBOL        SCON
  D:002FH         SYMBOL        SIDE?1059
  D:0043H         SYMBOL        SIDE?1165
  D:003DH         SYMBOL        SIDE?954
  B:0098H.7       SYMBOL        SM0
  B:0098H.6       SYMBOL        SM1
  B:0098H.5       SYMBOL        SM2
  B:0090H.0       SYMBOL        SOUND
  D:0081H         SYMBOL        SP
  B:00B0H.4       SYMBOL        T0
  B:00B0H.5       SYMBOL        T1
  B:0098H.3       SYMBOL        TB8
  D:0088H         SYMBOL        TCON
  D:004FH         SYMBOL        TE?32104
  B:0088H.5       SYMBOL        TF0
  B:0088H.7       SYMBOL        TF1
  D:008CH         SYMBOL        TH0
  D:008DH         SYMBOL        TH1
  B:0098H.1       SYMBOL        TI
  D:008AH         SYMBOL        TL0
  D:008BH         SYMBOL        TL1
  D:0089H         SYMBOL        TMOD
  B:0088H.4       SYMBOL        TR0
  B:0088H.6       SYMBOL        TR1
  B:00B0H.1       SYMBOL        TXD
  B:00B0H.6       SYMBOL        T_CLK
  B:00B0H.5       SYMBOL        T_DAT
  B:00B0H.7       SYMBOL        T_RST
  B:0090H.2       SYMBOL        UP
  B:00B0H.6       SYMBOL        WR
  D:0030H         SYMBOL        X?1060
  D:0044H         SYMBOL        X?1166
  D:0036H         SYMBOL        X?35107
  D:003EH         SYMBOL        X?955
  D:0031H         SYMBOL        Y?1061
  D:0045H         SYMBOL        Y?1167
  D:0037H         SYMBOL        Y?35108
  D:003FH         SYMBOL        Y?956
  D:0038H         SYMBOL        Z?35109
  C:1660H         LINE#         1380
  C:1661H         LINE#         1381
  C:1662H         LINE#         1382
  C:1664H         LINE#         1383
  C:1666H         LINE#         1384
BL51 BANKED LINKER/LOCATER V6.22.2.0                                                  12/19/2019  15:45:25  PAGE 10


  C:1667H         LINE#         1386
  C:1668H         LINE#         1387
  C:166AH         LINE#         1390
  C:166BH         LINE#         1391
  C:166CH         LINE#         1392
  C:166DH         LINE#         1394
  C:166EH         LINE#         1395
  C:166FH         LINE#         1396
  C:1671H         LINE#         1397
  C:1672H         LINE#         1398
  C:1674H         LINE#         1399
  C:1676H         LINE#         1400
  C:1677H         LINE#         1401
  C:167AH         LINE#         1402
  C:167BH         LINE#         1404
  C:167DH         LINE#         1408
  C:1718H         LINE#         1436
  C:1719H         LINE#         1437
  C:171CH         LINE#         1440
  C:171EH         LINE#         1441
  C:1720H         LINE#         1446
  C:1722H         LINE#         1451
  C:1723H         LINE#         1452
  C:1726H         LINE#         1455
  C:1728H         LINE#         1456
  C:1729H         LINE#         1461
  C:172BH         LINE#         1465
  C:173FH         LINE#         1476
  C:1741H         LINE#         1479
  C:1743H         LINE#         1485
  C:1744H         LINE#         1486
  C:1746H         LINE#         1489
  C:1748H         LINE#         1492
  C:174AH         LINE#         1495
  C:174CH         LINE#         1496
  C:174FH         LINE#         1499
  C:1702H         LINE#         1507
  C:1704H         LINE#         1508
  C:1705H         LINE#         1509
  C:1708H         LINE#         1510
  C:170AH         LINE#         1516
  C:170DH         LINE#         1520
  C:170FH         LINE#         1523
  C:1711H         LINE#         1526
  C:1713H         LINE#         1530
  C:1715H         LINE#         1533
  C:1717H         LINE#         1536
  C:167EH         LINE#         1545
  C:1680H         LINE#         1546
  C:1682H         LINE#         1547
  C:1684H         LINE#         1549
  C:1686H         LINE#         1550
  C:1689H         LINE#         1551
  C:168CH         LINE#         1552
  C:168DH         LINE#         1558
  C:1690H         LINE#         1562
  C:1692H         LINE#         1565
BL51 BANKED LINKER/LOCATER V6.22.2.0                                                  12/19/2019  15:45:25  PAGE 11


  C:1694H         LINE#         1569
  C:1696H         LINE#         1573
  C:1698H         LINE#         1576
  C:169AH         LINE#         1579
  C:1761H         LINE#         1591
  C:1763H         LINE#         1592
  C:1766H         LINE#         1595
  C:1768H         LINE#         1596
  C:176BH         LINE#         1599
  C:176DH         LINE#         1600
  C:157FH         LINE#         1615
  C:1582H         LINE#         1619
  C:1583H         LINE#         1620
  C:1584H         LINE#         1622
  C:1585H         LINE#         1623
  C:1586H         LINE#         1624
  C:1588H         LINE#         1625
  C:158AH         LINE#         1626
  C:158CH         LINE#         1627
  C:158EH         LINE#         1630
  C:158FH         LINE#         1633
  C:1592H         LINE#         1637
  C:1593H         LINE#         1638
  C:1594H         LINE#         1640
  C:1595H         LINE#         1641
  C:1596H         LINE#         1642
  C:1598H         LINE#         1643
  C:159AH         LINE#         1644
  C:159CH         LINE#         1645
  C:159EH         LINE#         1648
  C:15A0H         LINE#         1649
  C:15A3H         LINE#         1650
  C:15A4H         LINE#         1651
  C:15A6H         LINE#         1655
  C:15A7H         LINE#         1656
  C:15A9H         LINE#         1660
  C:14EDH         LINE#         1670
  C:14EFH         LINE#         1675
  C:14F2H         LINE#         1679
  C:14F3H         LINE#         1680
  C:14F4H         LINE#         1682
  C:14F5H         LINE#         1683
  C:14F6H         LINE#         1684
  C:14F8H         LINE#         1685
  C:14FAH         LINE#         1686
  C:14FCH         LINE#         1687
  C:14FEH         LINE#         1690
  C:14FFH         LINE#         1693
  C:1502H         LINE#         1697
  C:1503H         LINE#         1698
  C:1504H         LINE#         1700
  C:1505H         LINE#         1701
  C:1506H         LINE#         1702
  C:1508H         LINE#         1703
  C:150AH         LINE#         1704
  C:150CH         LINE#         1705
  C:150EH         LINE#         1708
BL51 BANKED LINKER/LOCATER V6.22.2.0                                                  12/19/2019  15:45:25  PAGE 12


  C:1510H         LINE#         1709
  C:1513H         LINE#         1710
  C:1514H         LINE#         1711
  C:1516H         LINE#         1715
  C:1517H         LINE#         1716
  C:1518H         LINE#         1717
  C:151AH         LINE#         1718
  C:151DH         LINE#         1721
  C:151EH         LINE#         1722
  C:1520H         LINE#         1726
  C:15D2H         LINE#         1741
  C:15D4H         LINE#         1744
  C:15D5H         LINE#         1745
  C:15D6H         LINE#         1746
  C:15D8H         LINE#         1747
  C:15DAH         LINE#         1748
  C:15DCH         LINE#         1749
  C:15DEH         LINE#         1750
  C:15DFH         LINE#         1751
  C:15E0H         LINE#         1752
  C:15E2H         LINE#         1753
  C:15E4H         LINE#         1754
  C:15E6H         LINE#         1755
  C:15E8H         LINE#         1759
  C:15E9H         LINE#         1760
  C:15EBH         LINE#         1761
  C:15ECH         LINE#         1762
  C:15EFH         LINE#         1765
  C:15F0H         LINE#         1766
  C:15F2H         LINE#         1767
  C:15F3H         LINE#         1768
  C:15F6H         LINE#         1772
  C:1476H         LINE#         1781
  C:1477H         LINE#         1782
  C:1478H         LINE#         1783
  C:147AH         LINE#         1787
  C:147CH         LINE#         1788
  C:147EH         LINE#         1793
  C:147FH         LINE#         1794
  C:1480H         LINE#         1797
  C:1483H         LINE#         1800
  C:1485H         LINE#         1801
  C:1487H         LINE#         1802
  C:148AH         LINE#         1806
  C:148BH         LINE#         1807
  C:148CH         LINE#         1808
  C:148EH         LINE#         1809
  C:1490H         LINE#         1810
  C:1492H         LINE#         1811
  C:1494H         LINE#         1812
  C:1497H         LINE#         1813
  C:1498H         LINE#         1814
  C:149AH         LINE#         1818
  C:149CH         LINE#         1819
  C:149DH         LINE#         1820
  C:149EH         LINE#         1821
  C:14A0H         LINE#         1822
BL51 BANKED LINKER/LOCATER V6.22.2.0                                                  12/19/2019  15:45:25  PAGE 13


  C:14A3H         LINE#         1826
  C:14A4H         LINE#         1827
  C:14A5H         LINE#         1828
  C:14A7H         LINE#         1829
  C:14A9H         LINE#         1830
  C:14ABH         LINE#         1831
  C:14ADH         LINE#         1832
  C:14B0H         LINE#         1833
  C:14B1H         LINE#         1834
  C:14B3H         LINE#         1838
  C:1263H         LINE#         1847
  C:1264H         LINE#         1848
  C:1265H         LINE#         1849
  C:1267H         LINE#         1853
  C:1269H         LINE#         1854
  C:126BH         LINE#         1859
  C:126CH         LINE#         1860
  C:126DH         LINE#         1863
  C:1270H         LINE#         1866
  C:1272H         LINE#         1867
  C:1274H         LINE#         1868
  C:1277H         LINE#         1872
  C:1278H         LINE#         1873
  C:1279H         LINE#         1874
  C:127BH         LINE#         1875
  C:127DH         LINE#         1876
  C:127FH         LINE#         1877
  C:1281H         LINE#         1880
  C:1283H         LINE#         1881
  C:1285H         LINE#         1882
  C:1287H         LINE#         1883
  C:1289H         LINE#         1884
  C:128BH         LINE#         1885
  C:128DH         LINE#         1886
  C:1290H         LINE#         1887
  C:1293H         LINE#         1888
  C:1294H         LINE#         1889
  C:1296H         LINE#         1893
  C:1298H         LINE#         1894
  C:129BH         LINE#         1895
  C:129EH         LINE#         1897
  C:129FH         LINE#         1898
  C:12A2H         LINE#         1900
  C:12A3H         LINE#         1901
  C:12A5H         LINE#         1905
  C:12A7H         LINE#         1906
  C:12A8H         LINE#         1907
  C:12A9H         LINE#         1908
  C:12ABH         LINE#         1909
  C:12AEH         LINE#         1913
  C:12AFH         LINE#         1914
  C:12B0H         LINE#         1915
  C:12B2H         LINE#         1916
  C:12B4H         LINE#         1917
  C:12B6H         LINE#         1918
  C:12B8H         LINE#         1921
  C:12BAH         LINE#         1922
BL51 BANKED LINKER/LOCATER V6.22.2.0                                                  12/19/2019  15:45:25  PAGE 14


  C:12BCH         LINE#         1923
  C:12BEH         LINE#         1924
  C:12C0H         LINE#         1925
  C:12C2H         LINE#         1926
  C:12C4H         LINE#         1927
  C:12C7H         LINE#         1928
  C:12CAH         LINE#         1929
  C:12CBH         LINE#         1930
  C:12CDH         LINE#         1934
  C:12CFH         LINE#         1935
  C:12D2H         LINE#         1936
  C:12D5H         LINE#         1938
  C:12D6H         LINE#         1939
  C:12D9H         LINE#         1941
  C:12DAH         LINE#         1942
  C:12DCH         LINE#         1946
  C:13A3H         LINE#         1956
  C:13A5H         LINE#         1957
  C:13A7H         LINE#         1961
  C:13A9H         LINE#         1962
  C:13ABH         LINE#         1967
  C:13ACH         LINE#         1968
  C:13ADH         LINE#         1971
  C:13B0H         LINE#         1974
  C:13B2H         LINE#         1975
  C:13B4H         LINE#         1976
  C:13B7H         LINE#         1980
  C:13B8H         LINE#         1981
  C:13B9H         LINE#         1982
  C:13BBH         LINE#         1983
  C:13BDH         LINE#         1984
  C:13BFH         LINE#         1985
  C:13C1H         LINE#         1986
  C:13C3H         LINE#         1987
  C:13C5H         LINE#         1988
  C:13C7H         LINE#         1989
  C:13CAH         LINE#         1990
  C:13CBH         LINE#         1991
  C:13CDH         LINE#         1995
  C:13CFH         LINE#         1996
  C:13D0H         LINE#         1997
  C:13D1H         LINE#         1998
  C:13D3H         LINE#         1999
  C:13D6H         LINE#         2003
  C:13D7H         LINE#         2004
  C:13D8H         LINE#         2005
  C:13DAH         LINE#         2006
  C:13DCH         LINE#         2007
  C:13DEH         LINE#         2008
  C:13E0H         LINE#         2009
  C:13E2H         LINE#         2010
  C:13E4H         LINE#         2011
  C:13E6H         LINE#         2012
  C:13E9H         LINE#         2013
  C:13EAH         LINE#         2014
  C:13ECH         LINE#         2018
  C:1750H         LINE#         2029
BL51 BANKED LINKER/LOCATER V6.22.2.0                                                  12/19/2019  15:45:25  PAGE 15


  C:1751H         LINE#         2030
  C:1752H         LINE#         2031
  C:1754H         LINE#         2032
  C:1755H         LINE#         2035
  C:1756H         LINE#         2036
  C:1758H         LINE#         2037
  C:1759H         LINE#         2038
  C:175AH         LINE#         2039
  C:175DH         LINE#         2040
  C:175EH         LINE#         2041
  C:175FH         LINE#         2043
  C:1760H         LINE#         2045
  C:172CH         LINE#         2055
  C:172DH         LINE#         2056
  C:1730H         LINE#         2057
  C:1731H         LINE#         2058
  C:1732H         LINE#         2059
  C:1734H         LINE#         2060
  C:1735H         LINE#         2061
  C:1736H         LINE#         2062
  C:1739H         LINE#         2063
  C:173AH         LINE#         2064
  C:173CH         LINE#         2065
  C:173DH         LINE#         2066
  C:173EH         LINE#         2068
  C:15AAH         LINE#         2075
  C:15ACH         LINE#         2076
  C:15AEH         LINE#         2077
  C:15B0H         LINE#         2085
  C:15B1H         LINE#         2086
  C:15B2H         LINE#         2088
  C:15B3H         LINE#         2089
  C:15B4H         LINE#         2090
  C:15B6H         LINE#         2091
  C:15B8H         LINE#         2092
  C:15BAH         LINE#         2093
  C:15BCH         LINE#         2096
  C:15BDH         LINE#         2097
  C:15C0H         LINE#         2098
  C:15C2H         LINE#         2099
  C:15C4H         LINE#         2102
  C:15C6H         LINE#         2105
  C:15C8H         LINE#         2107
  C:15C9H         LINE#         2108
  C:15CAH         LINE#         2109
  C:15CBH         LINE#         2110
  C:15CCH         LINE#         2112
  C:15CEH         LINE#         2114
  C:15CFH         LINE#         2115
  C:15D1H         LINE#         2118
  C:1640H         LINE#         2129
  C:1642H         LINE#         2132
  C:1643H         LINE#         2133
  C:1644H         LINE#         2135
  C:1645H         LINE#         2136
  C:1646H         LINE#         2137
  C:1648H         LINE#         2138
BL51 BANKED LINKER/LOCATER V6.22.2.0                                                  12/19/2019  15:45:25  PAGE 16


  C:164AH         LINE#         2139
  C:164CH         LINE#         2140
  C:164EH         LINE#         2143
  C:164FH         LINE#         2144
  C:1650H         LINE#         2145
  C:1651H         LINE#         2146
  C:1652H         LINE#         2148
  C:1655H         LINE#         2149
  C:1658H         LINE#         2152
  C:165AH         LINE#         2154
  C:165CH         LINE#         2156
  C:165DH         LINE#         2157
  C:165FH         LINE#         2161
  C:1770H         LINE#         2176
  C:1773H         LINE#         2178
  C:1775H         LINE#         2179
  C:1778H         LINE#         2181
  C:177AH         LINE#         2183
  C:177BH         LINE#         2197
  C:177EH         LINE#         2199
  C:1781H         LINE#         2202
  C:1783H         LINE#         2205
  C:1521H         LINE#         2213
  C:1523H         LINE#         2214
  C:1525H         LINE#         2215
  C:1527H         LINE#         2219
  C:1529H         LINE#         2221
  C:152AH         LINE#         2222
  C:152BH         LINE#         2223
  C:152DH         LINE#         2224
  C:152FH         LINE#         2225
  C:1531H         LINE#         2226
  C:1533H         LINE#         2229
  C:1535H         LINE#         2230
  C:1538H         LINE#         2231
  C:153BH         LINE#         2232
  C:153DH         LINE#         2233
  C:153FH         LINE#         2234
  C:1541H         LINE#         2235
  C:1543H         LINE#         2236
  C:1545H         LINE#         2237
  C:1547H         LINE#         2239
  C:1548H         LINE#         2240
  C:1549H         LINE#         2241
  C:154AH         LINE#         2242
  C:154DH         LINE#         2244
  C:154EH         LINE#         2246
  C:154FH         LINE#         2247
  C:1551H         LINE#         2250
  C:1436H         LINE#         2258
  C:1438H         LINE#         2259
  C:143AH         LINE#         2260
  C:143CH         LINE#         2263
  C:143DH         LINE#         2264
  C:143EH         LINE#         2265
  C:1440H         LINE#         2266
  C:1443H         LINE#         2269
BL51 BANKED LINKER/LOCATER V6.22.2.0                                                  12/19/2019  15:45:25  PAGE 17


  C:1445H         LINE#         2271
  C:1446H         LINE#         2272
  C:1447H         LINE#         2273
  C:1449H         LINE#         2274
  C:144BH         LINE#         2275
  C:144DH         LINE#         2276
  C:144FH         LINE#         2279
  C:1451H         LINE#         2280
  C:1453H         LINE#         2281
  C:1455H         LINE#         2282
  C:1457H         LINE#         2283
  C:1459H         LINE#         2284
  C:145BH         LINE#         2286
  C:145CH         LINE#         2287
  C:145DH         LINE#         2288
  C:1460H         LINE#         2289
  C:1461H         LINE#         2290
  C:1464H         LINE#         2291
  C:1466H         LINE#         2292
  C:1468H         LINE#         2293
  C:146BH         LINE#         2295
  C:146CH         LINE#         2297
  C:146DH         LINE#         2298
  C:146FH         LINE#         2301
  C:1471H         LINE#         2302
  C:1473H         LINE#         2303
  C:16EAH         LINE#         2315
  C:16EBH         LINE#         2316
  C:16ECH         LINE#         2317
  C:16EDH         LINE#         2319
  C:16EEH         LINE#         2320
  C:16EFH         LINE#         2321
  C:16F0H         LINE#         2322
  C:16F1H         LINE#         2323
  C:16F3H         LINE#         2324
  C:16F4H         LINE#         2325
  C:16F5H         LINE#         2326
  C:16F7H         LINE#         2327
  C:16F8H         LINE#         2328
  C:16FAH         LINE#         2329
  C:16FBH         LINE#         2330
  C:16FEH         LINE#         2331
  C:16FFH         LINE#         2333
  C:1701H         LINE#         2336
  C:169BH         LINE#         2346
  C:169DH         LINE#         2348
  C:169FH         LINE#         2349
  C:16A1H         LINE#         2350
  C:16A4H         LINE#         2352
  C:16A6H         LINE#         2354
  C:16A8H         LINE#         2355
  C:16ABH         LINE#         2357
  C:16ADH         LINE#         2358
  C:16AEH         LINE#         2359
  C:16AFH         LINE#         2361
  C:16B0H         LINE#         2363
  C:16B2H         LINE#         2364
BL51 BANKED LINKER/LOCATER V6.22.2.0                                                  12/19/2019  15:45:25  PAGE 18


  C:16B5H         LINE#         2366
  C:16B7H         LINE#         2368
  C:16B8H         LINE#         2379
  C:16BAH         LINE#         2381
  C:16BBH         LINE#         2382
  C:16BCH         LINE#         2383
  C:16BEH         LINE#         2384
  C:16BFH         LINE#         2385
  C:16C0H         LINE#         2386
  C:16C2H         LINE#         2387
  C:16C3H         LINE#         2388
  C:16C5H         LINE#         2389
  C:16C7H         LINE#         2392
  C:16C9H         LINE#         2393
  C:16CBH         LINE#         2394
  C:16CEH         LINE#         2396
  C:16D0H         LINE#         2398
  C:161CH         LINE#         2407
  C:161EH         LINE#         2411
  C:161FH         LINE#         2412
  C:1620H         LINE#         2414
  C:1621H         LINE#         2415
  C:1622H         LINE#         2416
  C:1624H         LINE#         2417
  C:1626H         LINE#         2418
  C:1628H         LINE#         2419
  C:162AH         LINE#         2422
  C:162BH         LINE#         2423
  C:162DH         LINE#         2426
  C:162EH         LINE#         2427
  C:1631H         LINE#         2429
  C:1632H         LINE#         2430
  C:1634H         LINE#         2431
  C:1635H         LINE#         2432
  C:1636H         LINE#         2434
  C:1637H         LINE#         2435
  C:1639H         LINE#         2438
  C:163BH         LINE#         2439
  C:163DH         LINE#         2440
  C:16D1H         LINE#         2450
  C:16D3H         LINE#         2452
  C:16D5H         LINE#         2455
  C:16D6H         LINE#         2456
  C:16D7H         LINE#         2458
  C:16D8H         LINE#         2459
  C:16D9H         LINE#         2460
  C:16DBH         LINE#         2461
  C:16DDH         LINE#         2462
  C:16DFH         LINE#         2463
  C:16E1H         LINE#         2464
  C:16E2H         LINE#         2465
  C:16E4H         LINE#         2468
  C:16E6H         LINE#         2469
  C:16E7H         LINE#         2470
  C:16E8H         LINE#         2471
  C:16E9H         LINE#         2473
  C:1552H         LINE#         2484
BL51 BANKED LINKER/LOCATER V6.22.2.0                                                  12/19/2019  15:45:25  PAGE 19


  C:1553H         LINE#         2485
  C:1554H         LINE#         2488
  C:1555H         LINE#         2490
  C:1556H         LINE#         2491
  C:1557H         LINE#         2492
  C:1559H         LINE#         2493
  C:155BH         LINE#         2494
  C:155DH         LINE#         2495
  C:155FH         LINE#         2498
  C:1562H         LINE#         2499
  C:1563H         LINE#         2500
  C:1565H         LINE#         2502
  C:1567H         LINE#         2503
  C:1569H         LINE#         2504
  C:156AH         LINE#         2505
  C:156CH         LINE#         2507
  C:156DH         LINE#         2508
  C:156EH         LINE#         2510
  C:1570H         LINE#         2511
  C:1572H         LINE#         2514
  C:1574H         LINE#         2515
  C:1576H         LINE#         2516
  C:1579H         LINE#         2518
  C:157AH         LINE#         2519
  C:157CH         LINE#         2522
  C:157EH         LINE#         2524
  C:12DDH         LINE#         2534
  C:12E0H         LINE#         2536
  C:12E2H         LINE#         2537
  C:12E5H         LINE#         2539
  C:12E7H         LINE#         2540
  C:12EAH         LINE#         2542
  C:12ECH         LINE#         2543
  C:12EEH         LINE#         2544
  C:12F1H         LINE#         2546
  C:12F4H         LINE#         2548
  C:12F6H         LINE#         2549
  C:12F9H         LINE#         2551
  C:12FBH         LINE#         2552
  C:12FEH         LINE#         2555
  C:12FFH         LINE#         2556
  C:1300H         LINE#         2558
  C:1301H         LINE#         2559
  C:1302H         LINE#         2560
  C:1304H         LINE#         2561
  C:1306H         LINE#         2562
  C:1308H         LINE#         2563
  C:130AH         LINE#         2565
  C:130DH         LINE#         2566
  C:130FH         LINE#         2567
  C:1310H         LINE#         2568
  C:1311H         LINE#         2569
  C:1313H         LINE#         2570
  C:1314H         LINE#         2571
  C:1316H         LINE#         2578
  C:1318H         LINE#         2579
  C:1319H         LINE#         2580
BL51 BANKED LINKER/LOCATER V6.22.2.0                                                  12/19/2019  15:45:25  PAGE 20


  C:131BH         LINE#         2581
  C:131CH         LINE#         2582
  C:131EH         LINE#         2583
  C:131FH         LINE#         2584
  C:1320H         LINE#         2585
  C:1321H         LINE#         2586
  C:1322H         LINE#         2589
  C:1325H         LINE#         2590
  C:1328H         LINE#         2592
  C:1329H         LINE#         2593
  C:132AH         LINE#         2594
  C:132CH         LINE#         2595
  C:132DH         LINE#         2596
  C:132FH         LINE#         2597
  C:1331H         LINE#         2598
  C:1332H         LINE#         2599
  C:1334H         LINE#         2600
  C:1335H         LINE#         2601
  C:1337H         LINE#         2602
  C:1339H         LINE#         2604
  C:133BH         LINE#         2605
  C:133DH         LINE#         2606
  C:1340H         LINE#         2609
  C:1341H         LINE#         2610
  C:1342H         LINE#         2611
  C:1343H         LINE#         2612
  C:1345H         LINE#         2613
  C:1346H         LINE#         2614
  C:1347H         LINE#         2615
  C:1348H         LINE#         2616
  C:1349H         LINE#         2617
  C:134AH         LINE#         2618
  C:134CH         LINE#         2619
  C:134DH         LINE#         2620
  C:134EH         LINE#         2622
  C:134FH         LINE#         2631
  C:1352H         LINE#         2632
  C:1355H         LINE#         2633
  C:1358H         LINE#         2634
  C:135AH         LINE#         2635
  C:135CH         LINE#         2636
  C:135EH         LINE#         2637
  C:1361H         LINE#         2639
  C:1364H         LINE#         2640
  C:1367H         LINE#         2641
  C:136AH         LINE#         2642
  C:136CH         LINE#         2643
  C:136EH         LINE#         2644
  C:1370H         LINE#         2645
  C:1373H         LINE#         2647
  C:1376H         LINE#         2648
  C:1379H         LINE#         2649
  C:137CH         LINE#         2650
  C:137EH         LINE#         2651
  C:137FH         LINE#         2652
  C:1380H         LINE#         2653
  C:1382H         LINE#         2654
BL51 BANKED LINKER/LOCATER V6.22.2.0                                                  12/19/2019  15:45:25  PAGE 21


  C:1385H         LINE#         2656
  C:1388H         LINE#         2657
  C:138BH         LINE#         2658
  C:138EH         LINE#         2659
  C:1390H         LINE#         2660
  C:1392H         LINE#         2661
  C:1394H         LINE#         2662
  C:1397H         LINE#         2664
  C:1399H         LINE#         2665
  C:139BH         LINE#         2666
  C:139EH         LINE#         2668
  C:13A0H         LINE#         2669
  C:0C27H         LINE#         2678
  C:0C2AH         LINE#         2680
  C:0C2CH         LINE#         2681
  C:0C2FH         LINE#         2682
  C:0C30H         LINE#         2683
  C:0C32H         LINE#         2684
  C:0C35H         LINE#         2685
  C:0C36H         LINE#         2686
  C:0C38H         LINE#         2687
  C:0C39H         LINE#         2688
  C:0C3BH         LINE#         2689
  C:0C3DH         LINE#         2690
  C:0C40H         LINE#         2691
  C:0C42H         LINE#         2692
  C:0C44H         LINE#         2693
  C:0C46H         LINE#         2694
  C:0C49H         LINE#         2696
  C:0C4BH         LINE#         2697
  C:0C4EH         LINE#         2698
  C:0C4FH         LINE#         2699
  C:0C51H         LINE#         2701
  C:0C54H         LINE#         2702
  C:0C55H         LINE#         2703
  C:0C57H         LINE#         2704
  C:0C5AH         LINE#         2705
  C:0C5BH         LINE#         2706
  C:0C5DH         LINE#         2707
  C:0C5EH         LINE#         2708
  C:0C60H         LINE#         2709
  C:0C62H         LINE#         2710
  C:0C65H         LINE#         2711
  C:0C67H         LINE#         2712
  C:0C69H         LINE#         2713
  C:0C6AH         LINE#         2714
  C:0C6BH         LINE#         2715
  C:0C6CH         LINE#         2716
  C:0C6EH         LINE#         2717
  C:0C71H         LINE#         2719
  C:0C74H         LINE#         2720
  C:0C77H         LINE#         2721
  C:0C7AH         LINE#         2722
  C:0C7BH         LINE#         2723
  C:0C7CH         LINE#         2724
  C:0C7EH         LINE#         2725
  C:0C80H         LINE#         2726
BL51 BANKED LINKER/LOCATER V6.22.2.0                                                  12/19/2019  15:45:25  PAGE 22


  C:0C83H         LINE#         2728
  C:0C86H         LINE#         2730
  C:0C88H         LINE#         2731
  C:0C8BH         LINE#         2732
  C:0C8CH         LINE#         2733
  C:0C8EH         LINE#         2734
  C:0C91H         LINE#         2735
  C:0C92H         LINE#         2736
  C:0C94H         LINE#         2737
  C:0C95H         LINE#         2738
  C:0C97H         LINE#         2739
  C:0C99H         LINE#         2740
  C:0C9CH         LINE#         2741
  C:0C9EH         LINE#         2742
  C:0CA0H         LINE#         2743
  C:0CA1H         LINE#         2744
  C:0CA2H         LINE#         2745
  C:0CA4H         LINE#         2746
  C:0CA6H         LINE#         2747
  C:0CA9H         LINE#         2749
  C:0CABH         LINE#         2750
  C:0CAEH         LINE#         2751
  C:0CAFH         LINE#         2752
  C:0CB1H         LINE#         2754
  C:0CB4H         LINE#         2755
  C:0CB5H         LINE#         2756
  C:0CB7H         LINE#         2757
  C:0CBAH         LINE#         2758
  C:0CBBH         LINE#         2759
  C:0CBDH         LINE#         2760
  C:0CBEH         LINE#         2761
  C:0CC0H         LINE#         2762
  C:0CC2H         LINE#         2763
  C:0CC5H         LINE#         2764
  C:0CC7H         LINE#         2765
  C:0CC9H         LINE#         2766
  C:0CCAH         LINE#         2767
  C:0CCBH         LINE#         2768
  C:0CCDH         LINE#         2769
  C:0CCFH         LINE#         2770
  C:0CD2H         LINE#         2772
  C:0CD5H         LINE#         2773
  C:0CD8H         LINE#         2774
  C:0CDBH         LINE#         2775
  C:0CDDH         LINE#         2776
  C:0CE0H         LINE#         2778
  C:0CE3H         LINE#         2780
  C:0CE5H         LINE#         2781
  C:0CE8H         LINE#         2782
  C:0CE9H         LINE#         2783
  C:0CEBH         LINE#         2784
  C:0CEEH         LINE#         2785
  C:0CEFH         LINE#         2786
  C:0CF1H         LINE#         2787
  C:0CF2H         LINE#         2788
  C:0CF4H         LINE#         2789
  C:0CF6H         LINE#         2790
BL51 BANKED LINKER/LOCATER V6.22.2.0                                                  12/19/2019  15:45:25  PAGE 23


  C:0CF9H         LINE#         2791
  C:0CFBH         LINE#         2792
  C:0CFDH         LINE#         2793
  C:0CFEH         LINE#         2794
  C:0CFFH         LINE#         2795
  C:0D01H         LINE#         2796
  C:0D03H         LINE#         2797
  C:0D06H         LINE#         2799
  C:0D08H         LINE#         2800
  C:0D0BH         LINE#         2801
  C:0D0CH         LINE#         2802
  C:0D0EH         LINE#         2804
  C:0D11H         LINE#         2805
  C:0D12H         LINE#         2806
  C:0D14H         LINE#         2807
  C:0D17H         LINE#         2808
  C:0D18H         LINE#         2809
  C:0D1AH         LINE#         2810
  C:0D1BH         LINE#         2811
  C:0D1DH         LINE#         2812
  C:0D1FH         LINE#         2813
  C:0D22H         LINE#         2814
  C:0D24H         LINE#         2815
  C:0D26H         LINE#         2816
  C:0D27H         LINE#         2817
  C:0D28H         LINE#         2818
  C:0D2AH         LINE#         2819
  C:0D2CH         LINE#         2820
  C:0D2FH         LINE#         2822
  C:0D32H         LINE#         2824
  C:0D34H         LINE#         2825
  C:0D37H         LINE#         2826
  C:0D38H         LINE#         2827
  C:0D3AH         LINE#         2828
  C:0D3DH         LINE#         2829
  C:0D3EH         LINE#         2830
  C:0D40H         LINE#         2831
  C:0D41H         LINE#         2832
  C:0D43H         LINE#         2833
  C:0D45H         LINE#         2834
  C:0D48H         LINE#         2835
  C:0D4AH         LINE#         2836
  C:0D4CH         LINE#         2837
  C:0D4EH         LINE#         2838
  C:0D50H         LINE#         2839
  C:0D52H         LINE#         2840
  C:0D55H         LINE#         2842
  C:0D57H         LINE#         2843
  C:0D5AH         LINE#         2844
  C:0D5BH         LINE#         2845
  C:0D5DH         LINE#         2847
  C:0D60H         LINE#         2848
  C:0D61H         LINE#         2849
  C:0D63H         LINE#         2850
  C:0D66H         LINE#         2851
  C:0D67H         LINE#         2852
  C:0D69H         LINE#         2853
BL51 BANKED LINKER/LOCATER V6.22.2.0                                                  12/19/2019  15:45:25  PAGE 24


  C:0D6AH         LINE#         2854
  C:0D6CH         LINE#         2855
  C:0D6EH         LINE#         2856
  C:0D71H         LINE#         2857
  C:0D73H         LINE#         2858
  C:0D75H         LINE#         2859
  C:0D77H         LINE#         2860
  C:0D78H         LINE#         2861
  C:0D79H         LINE#         2862
  C:0D7BH         LINE#         2863
  C:0D7EH         LINE#         2865
  C:0D81H         LINE#         2866
  C:0D84H         LINE#         2867
  C:0D87H         LINE#         2868
  C:0D89H         LINE#         2869
  C:0D8BH         LINE#         2870
  C:0D8DH         LINE#         2871
  C:0D90H         LINE#         2873
  C:0D93H         LINE#         2875
  C:0D95H         LINE#         2876
  C:0D98H         LINE#         2877
  C:0D99H         LINE#         2878
  C:0D9BH         LINE#         2879
  C:0D9EH         LINE#         2880
  C:0D9FH         LINE#         2881
  C:0DA1H         LINE#         2882
  C:0DA2H         LINE#         2883
  C:0DA4H         LINE#         2884
  C:0DA6H         LINE#         2885
  C:0DA9H         LINE#         2886
  C:0DABH         LINE#         2887
  C:0DADH         LINE#         2888
  C:0DAFH         LINE#         2889
  C:0DB1H         LINE#         2890
  C:0DB3H         LINE#         2891
  C:0DB6H         LINE#         2893
  C:0DB8H         LINE#         2894
  C:0DBBH         LINE#         2895
  C:0DBCH         LINE#         2896
  C:0DBEH         LINE#         2898
  C:0DC1H         LINE#         2899
  C:0DC2H         LINE#         2900
  C:0DC4H         LINE#         2901
  C:0DC7H         LINE#         2902
  C:0DC8H         LINE#         2903
  C:0DCAH         LINE#         2904
  C:0DCBH         LINE#         2905
  C:0DCDH         LINE#         2906
  C:0DCFH         LINE#         2907
  C:0DD2H         LINE#         2908
  C:0DD4H         LINE#         2909
  C:0DD6H         LINE#         2910
  C:0DD8H         LINE#         2911
  C:0DDAH         LINE#         2912
  C:0DDCH         LINE#         2913
  C:0DDFH         LINE#         2915
  C:0DE2H         LINE#         2916
BL51 BANKED LINKER/LOCATER V6.22.2.0                                                  12/19/2019  15:45:25  PAGE 25


  C:0DE5H         LINE#         2917
  C:0DE8H         LINE#         2918
  C:0DEAH         LINE#         2919
  C:0DECH         LINE#         2920
  C:0DEEH         LINE#         2921
  C:0DF1H         LINE#         2923
  C:0DF4H         LINE#         2925
  C:0DF6H         LINE#         2926
  C:0DF9H         LINE#         2927
  C:0DFAH         LINE#         2928
  C:0DFCH         LINE#         2929
  C:0DFFH         LINE#         2930
  C:0E00H         LINE#         2931
  C:0E02H         LINE#         2932
  C:0E03H         LINE#         2933
  C:0E05H         LINE#         2934
  C:0E07H         LINE#         2935
  C:0E0AH         LINE#         2936
  C:0E0CH         LINE#         2937
  C:0E0EH         LINE#         2938
  C:0E10H         LINE#         2939
  C:0E12H         LINE#         2940
  C:0E14H         LINE#         2941
  C:0E17H         LINE#         2943
  C:0E19H         LINE#         2944
  C:0E1CH         LINE#         2945
  C:0E1DH         LINE#         2946
  C:0E1FH         LINE#         2948
  C:0E22H         LINE#         2949
  C:0E23H         LINE#         2950
  C:0E25H         LINE#         2951
  C:0E28H         LINE#         2952
  C:0E29H         LINE#         2953
  C:0E2BH         LINE#         2954
  C:0E2CH         LINE#         2955
  C:0E2EH         LINE#         2956
  C:0E30H         LINE#         2957
  C:0E33H         LINE#         2958
  C:0E35H         LINE#         2959
  C:0E37H         LINE#         2960
  C:0E39H         LINE#         2961
  C:0E3BH         LINE#         2962
  C:0E3DH         LINE#         2963
  C:0E40H         LINE#         2965
  C:0E43H         LINE#         2967
  C:0E46H         LINE#         2968
  C:0E49H         LINE#         2969
  C:0E4CH         LINE#         2970
  C:0E4EH         LINE#         2971
  C:0E4FH         LINE#         2972
  C:0E50H         LINE#         2973
  C:0E52H         LINE#         2974
  C:0E55H         LINE#         2976
  C:0E58H         LINE#         2977
  C:0E5BH         LINE#         2978
  C:0E5EH         LINE#         2979
  C:0E60H         LINE#         2980
BL51 BANKED LINKER/LOCATER V6.22.2.0                                                  12/19/2019  15:45:25  PAGE 26


  C:0E63H         LINE#         2982
  C:0E65H         LINE#         2983
  C:0E68H         LINE#         2984
  C:0E69H         LINE#         2985
  C:0E6BH         LINE#         2986
  C:0E6CH         LINE#         2987
  C:0E6EH         LINE#         2988
  C:0E70H         LINE#         2989
  C:0E73H         LINE#         2990
  C:0E75H         LINE#         2991
  C:0E77H         LINE#         2992
  C:0E79H         LINE#         2993
  C:0E7BH         LINE#         2994
  C:0E7DH         LINE#         2995
  C:0006H         LINE#         3004
  C:0009H         LINE#         3006
  C:000BH         LINE#         3007
  C:000EH         LINE#         3008
  C:000FH         LINE#         3009
  C:0011H         LINE#         3010
  C:0014H         LINE#         3011
  C:0015H         LINE#         3012
  C:0017H         LINE#         3013
  C:0018H         LINE#         3014
  C:001AH         LINE#         3015
  C:001CH         LINE#         3016
  C:001FH         LINE#         3017
  C:0021H         LINE#         3018
  C:0023H         LINE#         3019
  C:0025H         LINE#         3020
  C:0027H         LINE#         3021
  C:0029H         LINE#         3022
  C:002BH         LINE#         3023
  C:002DH         LINE#         3024
  C:002FH         LINE#         3026
  C:0031H         LINE#         3028
  C:0033H         LINE#         3029
  C:0035H         LINE#         3030
  C:0038H         LINE#         3032
  C:003AH         LINE#         3033
  C:003DH         LINE#         3034
  C:003EH         LINE#         3035
  C:0040H         LINE#         3037
  C:0043H         LINE#         3038
  C:0044H         LINE#         3039
  C:0046H         LINE#         3040
  C:0049H         LINE#         3041
  C:004AH         LINE#         3042
  C:004CH         LINE#         3043
  C:004DH         LINE#         3044
  C:004FH         LINE#         3045
  C:0051H         LINE#         3046
  C:0054H         LINE#         3047
  C:0056H         LINE#         3048
  C:0058H         LINE#         3049
  C:005AH         LINE#         3050
  C:005CH         LINE#         3051
BL51 BANKED LINKER/LOCATER V6.22.2.0                                                  12/19/2019  15:45:25  PAGE 27


  C:005EH         LINE#         3052
  C:0060H         LINE#         3053
  C:0062H         LINE#         3054
  C:0064H         LINE#         3056
  C:0066H         LINE#         3058
  C:0068H         LINE#         3059
  C:0069H         LINE#         3060
  C:006AH         LINE#         3061
  C:006BH         LINE#         3062
  C:006DH         LINE#         3063
  C:0070H         LINE#         3065
  C:0073H         LINE#         3066
  C:0076H         LINE#         3067
  C:0079H         LINE#         3068
  C:007AH         LINE#         3069
  C:007BH         LINE#         3070
  C:007DH         LINE#         3071
  C:007FH         LINE#         3072
  C:0082H         LINE#         3074
  C:0085H         LINE#         3076
  C:0087H         LINE#         3077
  C:008AH         LINE#         3078
  C:008BH         LINE#         3079
  C:008DH         LINE#         3080
  C:0090H         LINE#         3081
  C:0091H         LINE#         3082
  C:0093H         LINE#         3083
  C:0094H         LINE#         3084
  C:0096H         LINE#         3085
  C:0098H         LINE#         3086
  C:009BH         LINE#         3087
  C:009DH         LINE#         3088
  C:009FH         LINE#         3089
  C:00A1H         LINE#         3090
  C:00A3H         LINE#         3091
  C:00A5H         LINE#         3092
  C:00A7H         LINE#         3093
  C:00A9H         LINE#         3094
  C:00ABH         LINE#         3095
  C:00ADH         LINE#         3097
  C:00AFH         LINE#         3099
  C:00B1H         LINE#         3100
  C:00B3H         LINE#         3101
  C:00B6H         LINE#         3103
  C:00B8H         LINE#         3104
  C:00BBH         LINE#         3105
  C:00BCH         LINE#         3106
  C:00BEH         LINE#         3108
  C:00C1H         LINE#         3109
  C:00C2H         LINE#         3110
  C:00C4H         LINE#         3111
  C:00C7H         LINE#         3112
  C:00C8H         LINE#         3113
  C:00CAH         LINE#         3114
  C:00CBH         LINE#         3115
  C:00CDH         LINE#         3116
  C:00CFH         LINE#         3117
BL51 BANKED LINKER/LOCATER V6.22.2.0                                                  12/19/2019  15:45:25  PAGE 28


  C:00D2H         LINE#         3118
  C:00D4H         LINE#         3119
  C:00D6H         LINE#         3120
  C:00D8H         LINE#         3121
  C:00DAH         LINE#         3122
  C:00DCH         LINE#         3123
  C:00DEH         LINE#         3124
  C:00E0H         LINE#         3125
  C:00E2H         LINE#         3126
  C:00E4H         LINE#         3128
  C:00E6H         LINE#         3130
  C:00E8H         LINE#         3131
  C:00E9H         LINE#         3132
  C:00EAH         LINE#         3133
  C:00ECH         LINE#         3134
  C:00EEH         LINE#         3135
  C:00F1H         LINE#         3137
  C:00F4H         LINE#         3138
  C:00F7H         LINE#         3139
  C:00FAH         LINE#         3140
  C:00FBH         LINE#         3141
  C:00FCH         LINE#         3142
  C:00FEH         LINE#         3143
  C:0100H         LINE#         3144
  C:0103H         LINE#         3146
  C:0106H         LINE#         3148
  C:0108H         LINE#         3149
  C:010BH         LINE#         3150
  C:010CH         LINE#         3151
  C:010EH         LINE#         3152
  C:0111H         LINE#         3153
  C:0112H         LINE#         3154
  C:0114H         LINE#         3155
  C:0115H         LINE#         3156
  C:0117H         LINE#         3157
  C:0119H         LINE#         3158
  C:011CH         LINE#         3159
  C:011EH         LINE#         3160
  C:0120H         LINE#         3161
  C:0122H         LINE#         3162
  C:0124H         LINE#         3163
  C:0126H         LINE#         3164
  C:0128H         LINE#         3165
  C:012AH         LINE#         3166
  C:012CH         LINE#         3167
  C:012EH         LINE#         3169
  C:0130H         LINE#         3171
  C:0132H         LINE#         3172
  C:0133H         LINE#         3173
  C:0134H         LINE#         3174
  C:0136H         LINE#         3175
  C:0138H         LINE#         3176
  C:013BH         LINE#         3178
  C:013DH         LINE#         3179
  C:0140H         LINE#         3180
  C:0141H         LINE#         3181
  C:0143H         LINE#         3183
BL51 BANKED LINKER/LOCATER V6.22.2.0                                                  12/19/2019  15:45:25  PAGE 29


  C:0146H         LINE#         3184
  C:0147H         LINE#         3185
  C:0149H         LINE#         3186
  C:014CH         LINE#         3187
  C:014DH         LINE#         3188
  C:014FH         LINE#         3189
  C:0150H         LINE#         3190
  C:0152H         LINE#         3191
  C:0154H         LINE#         3192
  C:0157H         LINE#         3193
  C:0159H         LINE#         3194
  C:015BH         LINE#         3195
  C:015DH         LINE#         3196
  C:015FH         LINE#         3197
  C:0161H         LINE#         3198
  C:0163H         LINE#         3199
  C:0165H         LINE#         3200
  C:0167H         LINE#         3201
  C:0169H         LINE#         3203
  C:016BH         LINE#         3205
  C:016DH         LINE#         3206
  C:016EH         LINE#         3207
  C:016FH         LINE#         3208
  C:0171H         LINE#         3209
  C:0173H         LINE#         3210
  C:0176H         LINE#         3212
  C:0179H         LINE#         3214
  C:017BH         LINE#         3215
  C:017EH         LINE#         3216
  C:017FH         LINE#         3217
  C:0181H         LINE#         3218
  C:0184H         LINE#         3219
  C:0185H         LINE#         3220
  C:0187H         LINE#         3221
  C:0188H         LINE#         3222
  C:018AH         LINE#         3223
  C:018CH         LINE#         3224
  C:018FH         LINE#         3225
  C:0191H         LINE#         3226
  C:0193H         LINE#         3227
  C:0195H         LINE#         3228
  C:0197H         LINE#         3229
  C:0199H         LINE#         3230
  C:019BH         LINE#         3231
  C:019DH         LINE#         3232
  C:019FH         LINE#         3233
  C:01A1H         LINE#         3235
  C:01A3H         LINE#         3237
  C:01A5H         LINE#         3238
  C:01A7H         LINE#         3239
  C:01A9H         LINE#         3240
  C:01ABH         LINE#         3241
  C:01AEH         LINE#         3243
  C:01B0H         LINE#         3244
  C:01B3H         LINE#         3245
  C:01B4H         LINE#         3246
  C:01B6H         LINE#         3248
BL51 BANKED LINKER/LOCATER V6.22.2.0                                                  12/19/2019  15:45:25  PAGE 30


  C:01B9H         LINE#         3249
  C:01BAH         LINE#         3250
  C:01BCH         LINE#         3251
  C:01BFH         LINE#         3252
  C:01C0H         LINE#         3253
  C:01C2H         LINE#         3254
  C:01C3H         LINE#         3255
  C:01C5H         LINE#         3256
  C:01C7H         LINE#         3257
  C:01CAH         LINE#         3258
  C:01CCH         LINE#         3259
  C:01CEH         LINE#         3260
  C:01D0H         LINE#         3261
  C:01D2H         LINE#         3262
  C:01D4H         LINE#         3263
  C:01D6H         LINE#         3264
  C:01D8H         LINE#         3265
  C:01DAH         LINE#         3266
  C:01DCH         LINE#         3268
  C:01DEH         LINE#         3270
  C:01E0H         LINE#         3271
  C:01E2H         LINE#         3272
  C:01E3H         LINE#         3273
  C:01E4H         LINE#         3274
  C:01E6H         LINE#         3275
  C:01E9H         LINE#         3277
  C:01ECH         LINE#         3278
  C:01EFH         LINE#         3279
  C:01F2H         LINE#         3280
  C:01F4H         LINE#         3281
  C:01F6H         LINE#         3282
  C:01F8H         LINE#         3283
  C:01FBH         LINE#         3285
  C:01FEH         LINE#         3287
  C:0200H         LINE#         3288
  C:0203H         LINE#         3289
  C:0204H         LINE#         3290
  C:0206H         LINE#         3291
  C:0209H         LINE#         3292
  C:020AH         LINE#         3293
  C:020CH         LINE#         3294
  C:020DH         LINE#         3295
  C:020FH         LINE#         3296
  C:0211H         LINE#         3297
  C:0214H         LINE#         3298
  C:0216H         LINE#         3299
  C:0218H         LINE#         3300
  C:021AH         LINE#         3301
  C:021CH         LINE#         3302
  C:021EH         LINE#         3303
  C:0220H         LINE#         3304
  C:0222H         LINE#         3305
  C:0224H         LINE#         3306
  C:0226H         LINE#         3307
  C:0228H         LINE#         3309
  C:022AH         LINE#         3311
  C:022CH         LINE#         3312
BL51 BANKED LINKER/LOCATER V6.22.2.0                                                  12/19/2019  15:45:25  PAGE 31


  C:022EH         LINE#         3313
  C:0230H         LINE#         3314
  C:0232H         LINE#         3315
  C:0235H         LINE#         3317
  C:0237H         LINE#         3318
  C:023AH         LINE#         3319
  C:023BH         LINE#         3320
  C:023DH         LINE#         3322
  C:0240H         LINE#         3323
  C:0241H         LINE#         3324
  C:0243H         LINE#         3325
  C:0246H         LINE#         3326
  C:0247H         LINE#         3327
  C:0249H         LINE#         3328
  C:024AH         LINE#         3329
  C:024CH         LINE#         3330
  C:024EH         LINE#         3331
  C:0251H         LINE#         3332
  C:0253H         LINE#         3333
  C:0255H         LINE#         3334
  C:0257H         LINE#         3335
  C:0259H         LINE#         3336
  C:025BH         LINE#         3337
  C:025DH         LINE#         3338
  C:025FH         LINE#         3339
  C:0261H         LINE#         3340
  C:0263H         LINE#         3341
  C:0265H         LINE#         3343
  C:0267H         LINE#         3345
  C:0269H         LINE#         3346
  C:026BH         LINE#         3347
  C:026DH         LINE#         3348
  C:026FH         LINE#         3349
  C:0272H         LINE#         3351
  C:0275H         LINE#         3352
  C:0278H         LINE#         3353
  C:027BH         LINE#         3354
  C:027DH         LINE#         3355
  C:027FH         LINE#         3356
  C:0281H         LINE#         3357
  C:0284H         LINE#         3359
  C:0287H         LINE#         3361
  C:0289H         LINE#         3362
  C:028CH         LINE#         3363
  C:028DH         LINE#         3364
  C:028FH         LINE#         3365
  C:0292H         LINE#         3366
  C:0293H         LINE#         3367
  C:0295H         LINE#         3368
  C:0296H         LINE#         3369
  C:0298H         LINE#         3370
  C:029AH         LINE#         3371
  C:029DH         LINE#         3372
  C:029FH         LINE#         3373
  C:02A1H         LINE#         3374
  C:02A3H         LINE#         3375
  C:02A5H         LINE#         3376
BL51 BANKED LINKER/LOCATER V6.22.2.0                                                  12/19/2019  15:45:25  PAGE 32


  C:02A7H         LINE#         3377
  C:02A9H         LINE#         3378
  C:02ABH         LINE#         3379
  C:02ADH         LINE#         3380
  C:02AFH         LINE#         3381
  C:02B1H         LINE#         3383
  C:02B3H         LINE#         3385
  C:02B5H         LINE#         3386
  C:02B7H         LINE#         3387
  C:02B9H         LINE#         3388
  C:02BBH         LINE#         3389
  C:02BEH         LINE#         3391
  C:02C0H         LINE#         3392
  C:02C3H         LINE#         3393
  C:02C4H         LINE#         3394
  C:02C6H         LINE#         3396
  C:02C9H         LINE#         3397
  C:02CAH         LINE#         3398
  C:02CCH         LINE#         3399
  C:02CFH         LINE#         3400
  C:02D0H         LINE#         3401
  C:02D2H         LINE#         3402
  C:02D3H         LINE#         3403
  C:02D5H         LINE#         3404
  C:02D7H         LINE#         3405
  C:02DAH         LINE#         3406
  C:02DCH         LINE#         3407
  C:02DEH         LINE#         3408
  C:02E0H         LINE#         3409
  C:02E2H         LINE#         3410
  C:02E4H         LINE#         3411
  C:02E6H         LINE#         3412
  C:02E8H         LINE#         3413
  C:02EAH         LINE#         3414
  C:02ECH         LINE#         3415
  C:02EEH         LINE#         3417
  C:02F0H         LINE#         3419
  C:02F2H         LINE#         3420
  C:02F4H         LINE#         3421
  C:02F6H         LINE#         3422
  C:02F8H         LINE#         3423
  C:02FBH         LINE#         3425
  C:02FEH         LINE#         3427
  C:0300H         LINE#         3428
  C:0303H         LINE#         3429
  C:0304H         LINE#         3430
  C:0306H         LINE#         3431
  C:0309H         LINE#         3432
  C:030AH         LINE#         3433
  C:030CH         LINE#         3434
  C:030DH         LINE#         3435
  C:030FH         LINE#         3436
  C:0311H         LINE#         3437
  C:0314H         LINE#         3438
  C:0316H         LINE#         3439
  C:0318H         LINE#         3440
  C:031AH         LINE#         3441
BL51 BANKED LINKER/LOCATER V6.22.2.0                                                  12/19/2019  15:45:25  PAGE 33


  C:031CH         LINE#         3442
  C:031EH         LINE#         3443
  C:0320H         LINE#         3444
  C:0322H         LINE#         3445
  C:0324H         LINE#         3446
  C:0326H         LINE#         3448
  C:0328H         LINE#         3450
  C:032AH         LINE#         3451
  C:032CH         LINE#         3452
  C:032EH         LINE#         3453
  C:0330H         LINE#         3454
  C:0333H         LINE#         3456
  C:0335H         LINE#         3457
  C:0338H         LINE#         3458
  C:0339H         LINE#         3459
  C:033BH         LINE#         3462
  C:033EH         LINE#         3463
  C:033FH         LINE#         3464
  C:0341H         LINE#         3465
  C:0344H         LINE#         3466
  C:0345H         LINE#         3467
  C:0347H         LINE#         3468
  C:0348H         LINE#         3469
  C:034AH         LINE#         3470
  C:034CH         LINE#         3471
  C:034FH         LINE#         3472
  C:0351H         LINE#         3473
  C:0353H         LINE#         3474
  C:0355H         LINE#         3475
  C:0357H         LINE#         3476
  C:0359H         LINE#         3477
  C:035BH         LINE#         3478
  C:035DH         LINE#         3479
  C:035FH         LINE#         3480
  C:0361H         LINE#         3482
  C:0363H         LINE#         3484
  C:0365H         LINE#         3485
  C:0367H         LINE#         3486
  C:0368H         LINE#         3487
  C:0369H         LINE#         3488
  C:036BH         LINE#         3489
  C:036EH         LINE#         3493
  C:0371H         LINE#         3494
  C:0374H         LINE#         3495
  C:0377H         LINE#         3496
  C:0379H         LINE#         3497
  C:037BH         LINE#         3498
  C:037DH         LINE#         3499
  C:0380H         LINE#         3503
  C:0383H         LINE#         3506
  C:0385H         LINE#         3507
  C:0388H         LINE#         3508
  C:0389H         LINE#         3509
  C:038BH         LINE#         3510
  C:038EH         LINE#         3511
  C:038FH         LINE#         3512
  C:0391H         LINE#         3513
BL51 BANKED LINKER/LOCATER V6.22.2.0                                                  12/19/2019  15:45:25  PAGE 34


  C:0392H         LINE#         3514
  C:0394H         LINE#         3515
  C:0396H         LINE#         3516
  C:0399H         LINE#         3517
  C:039BH         LINE#         3518
  C:039DH         LINE#         3519
  C:039FH         LINE#         3520
  C:03A1H         LINE#         3521
  C:03A3H         LINE#         3522
  C:03A5H         LINE#         3523
  C:03A7H         LINE#         3524
  C:03A9H         LINE#         3525
  C:03ABH         LINE#         3526
  C:03ADH         LINE#         3528
  C:03AFH         LINE#         3530
  C:03B1H         LINE#         3531
  C:03B3H         LINE#         3532
  C:03B5H         LINE#         3533
  C:03B7H         LINE#         3534
  C:03BAH         LINE#         3537
  C:03BCH         LINE#         3538
  C:03BFH         LINE#         3539
  C:03C0H         LINE#         3540
  C:03C2H         LINE#         3543
  C:03C5H         LINE#         3544
  C:03C6H         LINE#         3545
  C:03C8H         LINE#         3546
[...]
  C:0A9CH         LINE#         4318
  C:0A9FH         LINE#         4321
  C:0AA1H         LINE#         4322
  C:0AA4H         LINE#         4323
  C:0AA5H         LINE#         4324
  C:0AA7H         LINE#         4325
  C:0AAAH         LINE#         4326
  C:0AABH         LINE#         4327
  C:0AADH         LINE#         4328
  C:0AAEH         LINE#         4329
  C:0AB0H         LINE#         4330
  C:0AB2H         LINE#         4331
  C:0AB5H         LINE#         4332
  C:0AB7H         LINE#         4333
  C:0AB9H         LINE#         4334
  C:0ABBH         LINE#         4335
  C:0ABDH         LINE#         4336
  C:0ABFH         LINE#         4337
BL51 BANKED LINKER/LOCATER V6.22.2.0                                                  12/19/2019  15:45:25  PAGE 44


  C:0AC2H         LINE#         4340
  C:0AC4H         LINE#         4341
  C:0AC7H         LINE#         4342
  C:0AC8H         LINE#         4343
  C:0ACAH         LINE#         4346
  C:0ACDH         LINE#         4347
  C:0ACEH         LINE#         4348
  C:0AD0H         LINE#         4349
  C:0AD3H         LINE#         4350
  C:0AD4H         LINE#         4351
  C:0AD6H         LINE#         4352
  C:0AD7H         LINE#         4353
  C:0AD9H         LINE#         4354
  C:0ADBH         LINE#         4355
  C:0ADEH         LINE#         4356
  C:0AE0H         LINE#         4357
  C:0AE2H         LINE#         4358
  C:0AE4H         LINE#         4359
  C:0AE6H         LINE#         4360
  C:0AE8H         LINE#         4361
  C:0AEBH         LINE#         4367
  C:0AEEH         LINE#         4370
  C:0AF0H         LINE#         4371
  C:0AF3H         LINE#         4372
  C:0AF4H         LINE#         4373
  C:0AF6H         LINE#         4374
  C:0AF9H         LINE#         4375
  C:0AFAH         LINE#         4376
  C:0AFCH         LINE#         4377
  C:0AFDH         LINE#         4378
  C:0AFFH         LINE#         4379
  C:0B01H         LINE#         4380
  C:0B04H         LINE#         4381
  C:0B06H         LINE#         4382
  C:0B08H         LINE#         4383
  C:0B0AH         LINE#         4384
  C:0B0CH         LINE#         4385
  C:0B0EH         LINE#         4386
  C:0B11H         LINE#         4389
  C:0B13H         LINE#         4390
  C:0B16H         LINE#         4391
  C:0B17H         LINE#         4392
  C:0B19H         LINE#         4395
  C:0B1CH         LINE#         4396
  C:0B1DH         LINE#         4397
  C:0B1FH         LINE#         4398
  C:0B22H         LINE#         4399
  C:0B23H         LINE#         4400
  C:0B25H         LINE#         4401
  C:0B26H         LINE#         4402
  C:0B28H         LINE#         4403
  C:0B2AH         LINE#         4404
  C:0B2DH         LINE#         4405
  C:0B2FH         LINE#         4406
  C:0B31H         LINE#         4407
  C:0B33H         LINE#         4408
  C:0B35H         LINE#         4409
BL51 BANKED LINKER/LOCATER V6.22.2.0                                                  12/19/2019  15:45:25  PAGE 45


  C:0B37H         LINE#         4410
  C:0B3AH         LINE#         4416
  C:0B3DH         LINE#         4419
  C:0B3FH         LINE#         4420
  C:0B42H         LINE#         4421
  C:0B43H         LINE#         4422
  C:0B45H         LINE#         4423
  C:0B48H         LINE#         4424
  C:0B49H         LINE#         4425
  C:0B4BH         LINE#         4426
  C:0B4CH         LINE#         4427
  C:0B4EH         LINE#         4428
  C:0B50H         LINE#         4429
  C:0B53H         LINE#         4430
  C:0B55H         LINE#         4431
  C:0B57H         LINE#         4432
  C:0B59H         LINE#         4433
  C:0B5BH         LINE#         4434
  C:0B5DH         LINE#         4435
  C:0B60H         LINE#         4438
  C:0B62H         LINE#         4439
  C:0B65H         LINE#         4440
  C:0B66H         LINE#         4441
  C:0B68H         LINE#         4444
  C:0B6BH         LINE#         4445
  C:0B6CH         LINE#         4446
  C:0B6EH         LINE#         4447
  C:0B71H         LINE#         4448
  C:0B72H         LINE#         4449
  C:0B74H         LINE#         4450
  C:0B75H         LINE#         4451
  C:0B77H         LINE#         4452
  C:0B79H         LINE#         4453
  C:0B7CH         LINE#         4454
  C:0B7EH         LINE#         4455
  C:0B80H         LINE#         4456
  C:0B82H         LINE#         4457
  C:0B83H         LINE#         4458
  C:0B84H         LINE#         4459
  C:0B86H         LINE#         4460
  C:0B89H         LINE#         4465
  C:0B8CH         LINE#         4468
  C:0B8EH         LINE#         4469
  C:0B91H         LINE#         4470
  C:0B92H         LINE#         4471
  C:0B94H         LINE#         4472
  C:0B97H         LINE#         4473
  C:0B98H         LINE#         4474
  C:0B9AH         LINE#         4475
  C:0B9BH         LINE#         4476
  C:0B9DH         LINE#         4477
  C:0B9FH         LINE#         4478
  C:0BA2H         LINE#         4479
  C:0BA4H         LINE#         4480
  C:0BA6H         LINE#         4481
  C:0BA8H         LINE#         4482
  C:0BAAH         LINE#         4483
BL51 BANKED LINKER/LOCATER V6.22.2.0                                                  12/19/2019  15:45:25  PAGE 46


  C:0BACH         LINE#         4484
  C:0BAFH         LINE#         4487
  C:0BB1H         LINE#         4488
  C:0BB4H         LINE#         4489
  C:0BB5H         LINE#         4490
  C:0BB7H         LINE#         4493
  C:0BBAH         LINE#         4494
  C:0BBBH         LINE#         4495
  C:0BBDH         LINE#         4496
  C:0BC0H         LINE#         4497
  C:0BC1H         LINE#         4498
  C:0BC3H         LINE#         4499
  C:0BC4H         LINE#         4500
  C:0BC6H         LINE#         4501
  C:0BC8H         LINE#         4502
  C:0BCBH         LINE#         4503
  C:0BCDH         LINE#         4504
  C:0BCFH         LINE#         4505
  C:0BD1H         LINE#         4506
  C:0BD3H         LINE#         4507
  C:0BD5H         LINE#         4508
  C:0BD8H         LINE#         4514
  C:0BDBH         LINE#         4517
  C:0BDDH         LINE#         4518
  C:0BE0H         LINE#         4519
  C:0BE1H         LINE#         4520
  C:0BE3H         LINE#         4521
  C:0BE6H         LINE#         4522
  C:0BE7H         LINE#         4523
  C:0BE9H         LINE#         4524
  C:0BEAH         LINE#         4525
  C:0BECH         LINE#         4526
  C:0BEEH         LINE#         4527
  C:0BF1H         LINE#         4528
  C:0BF3H         LINE#         4529
  C:0BF5H         LINE#         4530
  C:0BF7H         LINE#         4531
  C:0BF9H         LINE#         4532
  C:0BFBH         LINE#         4533
  C:0BFEH         LINE#         4536
  C:0C00H         LINE#         4537
  C:0C03H         LINE#         4538
  C:0C04H         LINE#         4539
  C:0C06H         LINE#         4542
  C:0C09H         LINE#         4543
  C:0C0AH         LINE#         4544
  C:0C0CH         LINE#         4545
  C:0C0FH         LINE#         4546
  C:0C10H         LINE#         4547
  C:0C12H         LINE#         4548
  C:0C13H         LINE#         4549
  C:0C15H         LINE#         4550
  C:0C17H         LINE#         4551
  C:0C1AH         LINE#         4552
  C:0C1CH         LINE#         4553
  C:0C1EH         LINE#         4554
  C:0C20H         LINE#         4555
BL51 BANKED LINKER/LOCATER V6.22.2.0                                                  12/19/2019  15:45:25  PAGE 47


  C:0C22H         LINE#         4556
  C:0C24H         LINE#         4557
  C:112FH         LINE#         4572
  C:1131H         LINE#         4575
  C:1134H         LINE#         4576
  C:1137H         LINE#         4577
  C:113AH         LINE#         4578
  C:113DH         LINE#         4579
  C:1140H         LINE#         4583
  C:1142H         LINE#         4584
  C:1144H         LINE#         4585
  C:1147H         LINE#         4588
  C:114AH         LINE#         4589
  C:114DH         LINE#         4590
  C:1150H         LINE#         4591
  C:1153H         LINE#         4592
  C:1156H         LINE#         4596
  C:1159H         LINE#         4599
  C:115BH         LINE#         4600
  C:115EH         LINE#         4601
  C:115FH         LINE#         4602
  C:1161H         LINE#         4603
  C:1163H         LINE#         4604
  C:1164H         LINE#         4605
  C:1165H         LINE#         4606
  C:1167H         LINE#         4607
  C:1168H         LINE#         4608
  C:1169H         LINE#         4609
  C:116AH         LINE#         4610
  C:116BH         LINE#         4611
  C:116DH         LINE#         4612
  C:1170H         LINE#         4613
  C:1171H         LINE#         4614
  C:1172H         LINE#         4618
  C:1174H         LINE#         4620
  C:1177H         LINE#         4623
  C:1179H         LINE#         4624
  C:117CH         LINE#         4625
  C:117DH         LINE#         4626
  C:117FH         LINE#         4627
  C:1181H         LINE#         4628
  C:1182H         LINE#         4629
  C:1183H         LINE#         4630
  C:1184H         LINE#         4631
  C:1186H         LINE#         4632
  C:1189H         LINE#         4633
  C:118AH         LINE#         4634
  C:118BH         LINE#         4635
  C:118CH         LINE#         4636
  C:118DH         LINE#         4637
  C:118EH         LINE#         4638
  C:118FH         LINE#         4639
  C:1190H         LINE#         4640
  C:1192H         LINE#         4641
  C:1193H         LINE#         4642
  C:1195H         LINE#         4643
  C:1196H         LINE#         4645
BL51 BANKED LINKER/LOCATER V6.22.2.0                                                  12/19/2019  15:45:25  PAGE 48


  C:1198H         LINE#         4646
  C:119BH         LINE#         4647
  C:119DH         LINE#         4648
  C:11A0H         LINE#         4649
  C:11A1H         LINE#         4650
  C:11A3H         LINE#         4651
  C:11A5H         LINE#         4652
  C:11A6H         LINE#         4653
  C:11A8H         LINE#         4656
  C:11A9H         LINE#         4658
  C:11ACH         LINE#         4661
  C:11AEH         LINE#         4662
  C:11B0H         LINE#         4669
  C:11B2H         LINE#         4671
  C:11B5H         LINE#         4674
  C:11B7H         LINE#         4675
  C:11B9H         LINE#         4677
  C:11BAH         LINE#         4678
  C:11BBH         LINE#         4679
  C:11BCH         LINE#         4680
  C:11BDH         LINE#         4681
  C:11BFH         LINE#         4682
  C:11C1H         LINE#         4683
  C:11C4H         LINE#         4684
  C:11C6H         LINE#         4687
  C:11C8H         LINE#         4688
  C:11CBH         LINE#         4689
  C:11CCH         LINE#         4690
  C:11CEH         LINE#         4693
  C:11D0H         LINE#         4694
  C:11D3H         LINE#         4695
  C:11D4H         LINE#         4696
  C:11D6H         LINE#         4706
  C:0E80H         LINE#         4718
  C:0E83H         LINE#         4719
  C:0E84H         LINE#         4720
  C:0E86H         LINE#         4726
  C:0E88H         LINE#         4730
  C:0E8AH         LINE#         4731
  C:0E8DH         LINE#         4734
  C:0E90H         LINE#         4737
  C:0E93H         LINE#         4742
  C:0E95H         LINE#         4745
  C:0E97H         LINE#         4748
  C:0E99H         LINE#         4756
  C:0E9BH         LINE#         4757
  C:0E9DH         LINE#         4760
  C:0EA0H         LINE#         4761
  C:0EA3H         LINE#         4762
  C:0EA6H         LINE#         4763
  C:0EA9H         LINE#         4764
  C:0EACH         LINE#         4769
  C:0EAEH         LINE#         4770
  C:0EB0H         LINE#         4771
  C:0EB3H         LINE#         4774
  C:0EB6H         LINE#         4775
  C:0EB9H         LINE#         4776
BL51 BANKED LINKER/LOCATER V6.22.2.0                                                  12/19/2019  15:45:25  PAGE 49


  C:0EBCH         LINE#         4777
  C:0EBFH         LINE#         4778
  C:0EC2H         LINE#         4782
  C:0EC5H         LINE#         4785
  C:0EC7H         LINE#         4786
  C:0EC9H         LINE#         4790
  C:0ECCH         LINE#         4793
  C:0ECEH         LINE#         4795
  C:0ED0H         LINE#         4799
  C:0ED3H         LINE#         4802
  C:0ED5H         LINE#         4804
  C:0ED7H         LINE#         4808
  C:0EDAH         LINE#         4811
  C:0EDCH         LINE#         4813
  C:0EDEH         LINE#         4817
  C:0EE1H         LINE#         4820
  C:0EE2H         LINE#         4821
  C:0EE4H         LINE#         4824
  C:0EE6H         LINE#         4827
  C:0EE8H         LINE#         4830
  C:0EEAH         LINE#         4831
  C:0EECH         LINE#         4837
  C:0EEDH         LINE#         4838
  C:0EEFH         LINE#         4839
  C:0EF1H         LINE#         4840
  C:0EF4H         LINE#         4847
  C:0EF6H         LINE#         4851
  C:0EF7H         LINE#         4852
  C:0EF8H         LINE#         4854
  C:0EFBH         LINE#         4860
  C:0EFDH         LINE#         4864
  C:0EFFH         LINE#         4865
  C:0F01H         LINE#         4866
  C:0F03H         LINE#         4867
  C:0F06H         LINE#         4872
  C:0F09H         LINE#         4875
  C:0F0CH         LINE#         4878
  C:0F0FH         LINE#         4881
  C:0F12H         LINE#         4882
  C:0F13H         LINE#         4883
  C:0F15H         LINE#         4886
  C:0F18H         LINE#         4889
  C:0F1BH         LINE#         4892
  C:0F1EH         LINE#         4895
  C:0F21H         LINE#         4901
  C:0F23H         LINE#         4902
  C:0F25H         LINE#         4903
  C:0F28H         LINE#         4906
  C:0F2AH         LINE#         4907
  C:0F2DH         LINE#         4908
  C:0F2EH         LINE#         4909
  C:0F2FH         LINE#         4910
  C:0F31H         LINE#         4911
  C:0F33H         LINE#         4912
  C:0F35H         LINE#         4913
  C:0F38H         LINE#         4914
  C:0F39H         LINE#         4915
BL51 BANKED LINKER/LOCATER V6.22.2.0                                                  12/19/2019  15:45:25  PAGE 50


  C:0F3AH         LINE#         4916
  C:0F3DH         LINE#         4917
  C:0F3EH         LINE#         4918
  C:0F3FH         LINE#         4919
  C:0F41H         LINE#         4920
  C:0F42H         LINE#         4921
  C:0F43H         LINE#         4922
  C:0F44H         LINE#         4923
  C:0F45H         LINE#         4924
  C:0F46H         LINE#         4925
  C:0F47H         LINE#         4926
  C:0F48H         LINE#         4927
  C:0F49H         LINE#         4928
  C:0F4BH         LINE#         4929
  C:0F4CH         LINE#         4930
  C:0F4EH         LINE#         4931
  C:0F4FH         LINE#         4932
  C:0F50H         LINE#         4933
  C:0F51H         LINE#         4934
  C:0F52H         LINE#         4935
  C:0F54H         LINE#         4936
  C:0F57H         LINE#         4937
  C:0F58H         LINE#         4938
  C:0F5AH         LINE#         4939
  C:0F5DH         LINE#         4940
  C:0F5FH         LINE#         4941
  C:0F61H         LINE#         4942
  C:0F64H         LINE#         4943
  C:0F65H         LINE#         4944
  C:0F66H         LINE#         4945
  C:0F69H         LINE#         4946
  C:0F6AH         LINE#         4947
  C:0F6BH         LINE#         4948
  C:0F6DH         LINE#         4949
  C:0F6EH         LINE#         4950
  C:0F6FH         LINE#         4951
  C:0F70H         LINE#         4952
  C:0F72H         LINE#         4953
  C:0F73H         LINE#         4954
  C:0F74H         LINE#         4955
  C:0F76H         LINE#         4956
  C:0F77H         LINE#         4957
  C:0F78H         LINE#         4958
  C:0F7AH         LINE#         4959
  C:0F7BH         LINE#         4960
  C:0F7CH         LINE#         4961
  C:0F7DH         LINE#         4962
  C:0F7EH         LINE#         4963
  C:0F7FH         LINE#         4964
  C:0F80H         LINE#         4965
  C:0F81H         LINE#         4966
  C:0F82H         LINE#         4967
  C:0F83H         LINE#         4972
  C:0F84H         LINE#         4973
  C:0F86H         LINE#         4974
  C:0F88H         LINE#         4975
  C:0F8AH         LINE#         4976
BL51 BANKED LINKER/LOCATER V6.22.2.0                                                  12/19/2019  15:45:25  PAGE 51


  C:0F8BH         LINE#         4977
  C:0F8CH         LINE#         4978
  C:0F8DH         LINE#         4979
  C:0F8EH         LINE#         4980
  C:0F8FH         LINE#         4981
  C:0F90H         LINE#         4982
  C:0F91H         LINE#         4986
  C:0F92H         LINE#         4987
  C:0F93H         LINE#         4988
  C:0F95H         LINE#         4989
  C:0F96H         LINE#         4990
  C:0F98H         LINE#         4991
  C:0F9AH         LINE#         4992
  C:0F9CH         LINE#         4995
  C:0F9EH         LINE#         4998
  C:0FA0H         LINE#         5002
  C:0FA2H         LINE#         5005
  C:0FA3H         LINE#         5006
  C:0FA5H         LINE#         5014
  C:0FA7H         LINE#         5015
  C:0FA9H         LINE#         5016
  C:0FACH         LINE#         5021
  C:0003H         LINE#         5025
  C:13EDH         LINE#         5037
  C:13EFH         LINE#         5038
  C:13F1H         LINE#         5039
  C:13F3H         LINE#         5040
  C:13F5H         LINE#         5041
  C:13F7H         LINE#         5042
  C:13FAH         LINE#         5043
  C:13FCH         LINE#         5044
  C:13FEH         LINE#         5045
  C:1400H         LINE#         5046
  C:1402H         LINE#         5047
  C:1404H         LINE#         5048
  C:1406H         LINE#         5049
  C:1408H         LINE#         5050
  C:140AH         LINE#         5055
  C:140CH         LINE#         5058
  C:140DH         LINE#         5059
  C:140EH         LINE#         5060
  C:1411H         LINE#         5063
  C:1413H         LINE#         5064
  C:1416H         LINE#         5067
  C:1418H         LINE#         5070
  C:141BH         LINE#         5072
  C:141DH         LINE#         5073
  C:141FH         LINE#         5074
  C:1421H         LINE#         5075
  C:1423H         LINE#         5076
  C:1425H         LINE#         5077
  C:1427H         LINE#         5078
  C:1429H         LINE#         5079
  C:142BH         LINE#         5080
  C:142DH         LINE#         5081
  C:142FH         LINE#         5082
  C:1431H         LINE#         5083
BL51 BANKED LINKER/LOCATER V6.22.2.0                                                  12/19/2019  15:45:25  PAGE 52


  C:1433H         LINE#         5084
  C:1435H         LINE#         5085
  -------         ENDMOD        MAIN

  -------         MODULE        ?C?CLDPTR
  C:1070H         PUBLIC        ?C?CLDPTR
  -------         ENDMOD        ?C?CLDPTR

  -------         MODULE        ?C?CLDOPTR
  C:1089H         PUBLIC        ?C?CLDOPTR
  -------         ENDMOD        ?C?CLDOPTR

  -------         MODULE        ?C?CSTPTR
  C:10B6H         PUBLIC        ?C?CSTPTR
  -------         ENDMOD        ?C?CSTPTR

  -------         MODULE        ?C?IMUL
  C:10C8H         PUBLIC        ?C?IMUL
  -------         ENDMOD        ?C?IMUL

  -------         MODULE        ?C?UIDIV
  C:10DAH         PUBLIC        ?C?UIDIV
  -------         ENDMOD        ?C?UIDIV

Program Size: data=85.0 xdata=0 code=6026
LINK/LOCATE RUN COMPLETE.  0 WARNING(S),  0 ERROR(S)
