Archive member included because of file (symbol)

c:/winavr-20090306rc1/bin/../lib/gcc/avr/4.3.2/avr5\libgcc.a(_udivmodqi4.o)
                              mian.o (__udivmodqi4)
c:/winavr-20090306rc1/bin/../lib/gcc/avr/4.3.2/avr5\libgcc.a(_divmodqi4.o)
                              mian.o (__divmodqi4)
c:/winavr-20090306rc1/bin/../lib/gcc/avr/4.3.2/avr5\libgcc.a(_udivmodhi4.o)
                              nongli.o (__udivmodhi4)
c:/winavr-20090306rc1/bin/../lib/gcc/avr/4.3.2/avr5\libgcc.a(_divmodhi4.o)
                              mian.o (__divmodhi4)
c:/winavr-20090306rc1/bin/../lib/gcc/avr/4.3.2/avr5\libgcc.a(_exit.o)
                              c:/winavr-20090306rc1/bin/../lib/gcc/avr/4.3.2/../../../../avr/lib/avr5/crtm16.o (exit)
c:/winavr-20090306rc1/bin/../lib/gcc/avr/4.3.2/avr5\libgcc.a(_copy_data.o)
                              mian.o (__do_copy_data)
c:/winavr-20090306rc1/bin/../lib/gcc/avr/4.3.2/avr5\libgcc.a(_clear_bss.o)
                              mian.o (__do_clear_bss)

Allocating common symbols
Common symbol       size              file

gCurCol             0x1               t6963.o
gCurRow             0x1               t6963.o

Memory Configuration

Name             Origin             Length             Attributes
text             0x00000000         0x00020000         xr
data             0x00800060         0x0000ffa0         rw !x
eeprom           0x00810000         0x00010000         rw !x
fuse             0x00820000         0x00000400         rw !x
lock             0x00830000         0x00000400         rw !x
signature        0x00840000         0x00000400         rw !x
*default*        0x00000000         0xffffffff

Linker script and memory map

LOAD c:/winavr-20090306rc1/bin/../lib/gcc/avr/4.3.2/../../../../avr/lib/avr5/crtm16.o
LOAD mian.o
LOAD t6963.o
LOAD nongli.o
LOAD c:/winavr-20090306rc1/bin/../lib/gcc/avr/4.3.2/avr5\libgcc.a
LOAD c:/winavr-20090306rc1/bin/../lib/gcc/avr/4.3.2/../../../../avr/lib/avr5\libc.a
LOAD c:/winavr-20090306rc1/bin/../lib/gcc/avr/4.3.2/avr5\libgcc.a

.hash
 *(.hash)

.dynsym
 *(.dynsym)

.dynstr
 *(.dynstr)

.gnu.version
 *(.gnu.version)

.gnu.version_d
 *(.gnu.version_d)

.gnu.version_r
 *(.gnu.version_r)

.rel.init
 *(.rel.init)

.rela.init
 *(.rela.init)

.rel.text
 *(.rel.text)
 *(.rel.text.*)
 *(.rel.gnu.linkonce.t*)

.rela.text
 *(.rela.text)
 *(.rela.text.*)
 *(.rela.gnu.linkonce.t*)

.rel.fini
 *(.rel.fini)

.rela.fini
 *(.rela.fini)

.rel.rodata
 *(.rel.rodata)
 *(.rel.rodata.*)
 *(.rel.gnu.linkonce.r*)

.rela.rodata
 *(.rela.rodata)
 *(.rela.rodata.*)
 *(.rela.gnu.linkonce.r*)

.rel.data
 *(.rel.data)
 *(.rel.data.*)
 *(.rel.gnu.linkonce.d*)

.rela.data
 *(.rela.data)
 *(.rela.data.*)
 *(.rela.gnu.linkonce.d*)

.rel.ctors
 *(.rel.ctors)

.rela.ctors
 *(.rela.ctors)

.rel.dtors
 *(.rel.dtors)

.rela.dtors
 *(.rela.dtors)

.rel.got
 *(.rel.got)

.rela.got
 *(.rela.got)

.rel.bss
 *(.rel.bss)

.rela.bss
 *(.rela.bss)

.rel.plt
 *(.rel.plt)

.rela.plt
 *(.rela.plt)

.text           0x00000000     0x2c26
 *(.vectors)
 .vectors       0x00000000       0x54 c:/winavr-20090306rc1/bin/../lib/gcc/avr/4.3.2/../../../../avr/lib/avr5/crtm16.o
                0x00000000                __vectors
                0x00000000                __vector_default
 *(.vectors)
 *(.progmem.gcc*)
 *(.progmem*)
 .progmem.data  0x00000054     0x1000 t6963.o
                0x00000054                ASC_MSK
                0x00000654                GB_16
 .progmem.data  0x00001054      0x255 nongli.o
                0x000012aa                . = ALIGN (0x2)
 *fill*         0x000012a9        0x1 00
                0x000012aa                __trampolines_start = .
 *(.trampolines)
 .trampolines   0x000012aa        0x0 linker stubs
 *(.trampolines*)
                0x000012aa                __trampolines_end = .
 *(.jumptables)
 *(.jumptables*)
 *(.lowtext)
 *(.lowtext*)
                0x000012aa                __ctors_start = .
 *(.ctors)
                0x000012aa                __ctors_end = .
                0x000012aa                __dtors_start = .
 *(.dtors)
                0x000012aa                __dtors_end = .
 SORT(*)(.ctors)
 SORT(*)(.dtors)
 *(.init0)
 .init0         0x000012aa        0x0 c:/winavr-20090306rc1/bin/../lib/gcc/avr/4.3.2/../../../../avr/lib/avr5/crtm16.o
                0x000012aa                __init
 *(.init0)
 *(.init1)
 *(.init1)
 *(.init2)
 .init2         0x000012aa        0xc c:/winavr-20090306rc1/bin/../lib/gcc/avr/4.3.2/../../../../avr/lib/avr5/crtm16.o
 *(.init2)
 *(.init3)
 *(.init3)
 *(.init4)
 .init4         0x000012b6       0x16 c:/winavr-20090306rc1/bin/../lib/gcc/avr/4.3.2/avr5\libgcc.a(_copy_data.o)
                0x000012b6                __do_copy_data
 .init4         0x000012cc       0x10 c:/winavr-20090306rc1/bin/../lib/gcc/avr/4.3.2/avr5\libgcc.a(_clear_bss.o)
                0x000012cc                __do_clear_bss
 *(.init4)
 *(.init5)
 *(.init5)
 *(.init6)
 *(.init6)
 *(.init7)
 *(.init7)
 *(.init8)
 *(.init8)
 *(.init9)
 .init9         0x000012dc        0x8 c:/winavr-20090306rc1/bin/../lib/gcc/avr/4.3.2/../../../../avr/lib/avr5/crtm16.o
 *(.init9)
 *(.text)
 .text          0x000012e4        0x4 c:/winavr-20090306rc1/bin/../lib/gcc/avr/4.3.2/../../../../avr/lib/avr5/crtm16.o
                0x000012e4                __vector_1
                0x000012e4                __vector_12
                0x000012e4                __bad_interrupt
                0x000012e4                __vector_6
                0x000012e4                __vector_3
                0x000012e4                __vector_11
                0x000012e4                __vector_13
                0x000012e4                __vector_17
                0x000012e4                __vector_19
                0x000012e4                __vector_7
                0x000012e4                __vector_5
                0x000012e4                __vector_9
                0x000012e4                __vector_2
                0x000012e4                __vector_15
                0x000012e4                __vector_8
                0x000012e4                __vector_14
                0x000012e4                __vector_10
                0x000012e4                __vector_16
                0x000012e4                __vector_18
                0x000012e4                __vector_20
 .text          0x000012e8      0xa6a mian.o
                0x0000186e                GetYinLiNian
                0x000013b6                key_deal
                0x00001356                time2_RTCinit
                0x0000190c                main
                0x00001370                __vector_4
                0x000012e8                getweekday
                0x000017f6                DiaplaySetTime
 .text          0x00001d52      0x712 t6963.o
                0x00001e20                fnPR1
                0x00001f20                fnPR2
                0x00002180                point
                0x00001fc0                fnLCMInit
                0x00001efa                fnPR13
                0x000022f2                circle
                0x00001d94                WR_CMD
                0x00002006                dprintf
                0x00001f6c                cursor
                0x00001da6                fnSTA01
                0x00001d5e                RD_LCM
                0x00001d82                WR_DAT
                0x00001d52                fnGetRow
                0x00001de4                fnSTA3
                0x00001dc6                fnSTA2
                0x00001d58                fnGetCol
                0x0000217e                shortdelay
                0x00001f40                fnSetPos
                0x00001e02                fnSTA6
                0x00001f76                cls
                0x00001e8a                fnPR11
                0x000021b2                Linexy
                0x00001d70                RD_DAT
                0x00001ed4                fnPR12
 .text          0x00002464      0x73e nongli.o
                0x0000256e                GetChinaCalendar
                0x000027f0                GetChinaCalendarStr
                0x00002770                GetWeek
                0x000029ec                GetJieQiStr
                0x00002956                GetJieQi
 .text          0x00002ba2        0x0 c:/winavr-20090306rc1/bin/../lib/gcc/avr/4.3.2/avr5\libgcc.a(_udivmodqi4.o)
 .text          0x00002ba2        0x0 c:/winavr-20090306rc1/bin/../lib/gcc/avr/4.3.2/avr5\libgcc.a(_divmodqi4.o)
 .text          0x00002ba2        0x0 c:/winavr-20090306rc1/bin/../lib/gcc/avr/4.3.2/avr5\libgcc.a(_udivmodhi4.o)
 .text          0x00002ba2        0x0 c:/winavr-20090306rc1/bin/../lib/gcc/avr/4.3.2/avr5\libgcc.a(_divmodhi4.o)
 .text          0x00002ba2        0x0 c:/winavr-20090306rc1/bin/../lib/gcc/avr/4.3.2/avr5\libgcc.a(_exit.o)
 .text          0x00002ba2        0x0 c:/winavr-20090306rc1/bin/../lib/gcc/avr/4.3.2/avr5\libgcc.a(_copy_data.o)
 .text          0x00002ba2        0x0 c:/winavr-20090306rc1/bin/../lib/gcc/avr/4.3.2/avr5\libgcc.a(_clear_bss.o)
                0x00002ba2                . = ALIGN (0x2)
 *(.text.*)
 .text.libgcc   0x00002ba2       0x18 c:/winavr-20090306rc1/bin/../lib/gcc/avr/4.3.2/avr5\libgcc.a(_udivmodqi4.o)
                0x00002ba2                __udivmodqi4
 .text.libgcc   0x00002bba       0x1a c:/winavr-20090306rc1/bin/../lib/gcc/avr/4.3.2/avr5\libgcc.a(_divmodqi4.o)
                0x00002bba                __divmodqi4
 .text.libgcc   0x00002bd4       0x28 c:/winavr-20090306rc1/bin/../lib/gcc/avr/4.3.2/avr5\libgcc.a(_udivmodhi4.o)
                0x00002bd4                __udivmodhi4
 .text.libgcc   0x00002bfc       0x26 c:/winavr-20090306rc1/bin/../lib/gcc/avr/4.3.2/avr5\libgcc.a(_divmodhi4.o)
                0x00002bfc                __divmodhi4
                0x00002bfc                _div
 .text.libgcc   0x00002c22        0x0 c:/winavr-20090306rc1/bin/../lib/gcc/avr/4.3.2/avr5\libgcc.a(_exit.o)
 .text.libgcc   0x00002c22        0x0 c:/winavr-20090306rc1/bin/../lib/gcc/avr/4.3.2/avr5\libgcc.a(_copy_data.o)
 .text.libgcc   0x00002c22        0x0 c:/winavr-20090306rc1/bin/../lib/gcc/avr/4.3.2/avr5\libgcc.a(_clear_bss.o)
                0x00002c22                . = ALIGN (0x2)
 *(.fini9)
 .fini9         0x00002c22        0x0 c:/winavr-20090306rc1/bin/../lib/gcc/avr/4.3.2/avr5\libgcc.a(_exit.o)
                0x00002c22                exit
                0x00002c22                _exit
 *(.fini9)
 *(.fini8)
 *(.fini8)
 *(.fini7)
 *(.fini7)
 *(.fini6)
 *(.fini6)
 *(.fini5)
 *(.fini5)
 *(.fini4)
 *(.fini4)
 *(.fini3)
 *(.fini3)
 *(.fini2)
 *(.fini2)
 *(.fini1)
 *(.fini1)
 *(.fini0)
 .fini0         0x00002c22        0x4 c:/winavr-20090306rc1/bin/../lib/gcc/avr/4.3.2/avr5\libgcc.a(_exit.o)
 *(.fini0)
                0x00002c26                _etext = .

.data           0x00800060      0x2d2 load address 0x00002c26
                0x00800060                PROVIDE (__data_start, .)
 *(.data)
 .data          0x00800060        0x0 c:/winavr-20090306rc1/bin/../lib/gcc/avr/4.3.2/../../../../avr/lib/avr5/crtm16.o
 .data          0x00800060       0x42 mian.o
                0x00800060                NYRyang
                0x008000a1                Hour
                0x008000a0                DisplayYear
                0x00800092                SetTime
                0x00800076                NYRyin
                0x00800085                Time
                0x0080009f                DisplayTime
 .data          0x008000a2       0xb0 t6963.o
                0x00800142                uPowArr
                0x0080014a                turnf
                0x008000a2                GB_16ptr
 .data          0x00800152      0x1e0 nongli.o
 .data          0x00800332        0x0 c:/winavr-20090306rc1/bin/../lib/gcc/avr/4.3.2/avr5\libgcc.a(_udivmodqi4.o)
 .data          0x00800332        0x0 c:/winavr-20090306rc1/bin/../lib/gcc/avr/4.3.2/avr5\libgcc.a(_divmodqi4.o)
 .data          0x00800332        0x0 c:/winavr-20090306rc1/bin/../lib/gcc/avr/4.3.2/avr5\libgcc.a(_udivmodhi4.o)
 .data          0x00800332        0x0 c:/winavr-20090306rc1/bin/../lib/gcc/avr/4.3.2/avr5\libgcc.a(_divmodhi4.o)
 .data          0x00800332        0x0 c:/winavr-20090306rc1/bin/../lib/gcc/avr/4.3.2/avr5\libgcc.a(_exit.o)
 .data          0x00800332        0x0 c:/winavr-20090306rc1/bin/../lib/gcc/avr/4.3.2/avr5\libgcc.a(_copy_data.o)
 .data          0x00800332        0x0 c:/winavr-20090306rc1/bin/../lib/gcc/avr/4.3.2/avr5\libgcc.a(_clear_bss.o)
 *(.data*)
 *(.rodata)
 *(.rodata*)
 *(.gnu.linkonce.d*)
                0x00800332                . = ALIGN (0x2)
                0x00800332                _edata = .
                0x00800332                PROVIDE (__data_end, .)

.bss            0x00800332        0xb
                0x00800332                PROVIDE (__bss_start, .)
 *(.bss)
 .bss           0x00800332        0x0 c:/winavr-20090306rc1/bin/../lib/gcc/avr/4.3.2/../../../../avr/lib/avr5/crtm16.o
 .bss           0x00800332        0x9 mian.o
                0x00800334                Second
                0x0080033a                Setmodebit
                0x00800332                Timechange
                0x00800333                Displaychange
                0x00800335                Minute
                0x00800339                Day
                0x00800336                Year
                0x00800338                Month
 .bss           0x0080033b        0x0 t6963.o
 .bss           0x0080033b        0x0 nongli.o
 .bss           0x0080033b        0x0 c:/winavr-20090306rc1/bin/../lib/gcc/avr/4.3.2/avr5\libgcc.a(_udivmodqi4.o)
 .bss           0x0080033b        0x0 c:/winavr-20090306rc1/bin/../lib/gcc/avr/4.3.2/avr5\libgcc.a(_divmodqi4.o)
 .bss           0x0080033b        0x0 c:/winavr-20090306rc1/bin/../lib/gcc/avr/4.3.2/avr5\libgcc.a(_udivmodhi4.o)
 .bss           0x0080033b        0x0 c:/winavr-20090306rc1/bin/../lib/gcc/avr/4.3.2/avr5\libgcc.a(_divmodhi4.o)
 .bss           0x0080033b        0x0 c:/winavr-20090306rc1/bin/../lib/gcc/avr/4.3.2/avr5\libgcc.a(_exit.o)
 .bss           0x0080033b        0x0 c:/winavr-20090306rc1/bin/../lib/gcc/avr/4.3.2/avr5\libgcc.a(_copy_data.o)
 .bss           0x0080033b        0x0 c:/winavr-20090306rc1/bin/../lib/gcc/avr/4.3.2/avr5\libgcc.a(_clear_bss.o)
 *(.bss*)
 *(COMMON)
 COMMON         0x0080033b        0x2 t6963.o
                0x0080033b                gCurCol
                0x0080033c                gCurRow
                0x0080033d                PROVIDE (__bss_end, .)
                0x00002c26                __data_load_start = LOADADDR (.data)
                0x00002ef8                __data_load_end = (__data_load_start + SIZEOF (.data))

.noinit         0x0080033d        0x0
                0x0080033d                PROVIDE (__noinit_start, .)
 *(.noinit*)
                0x0080033d                PROVIDE (__noinit_end, .)
                0x0080033d                _end = .
                0x0080033d                PROVIDE (__heap_start, .)

.eeprom         0x00810000        0x0
 *(.eeprom*)
                0x00810000                __eeprom_end = .

.fuse
 *(.fuse)
 *(.lfuse)
 *(.hfuse)
 *(.efuse)

.lock
 *(.lock*)

.signature
 *(.signature*)

.stab           0x00000000      0x6b4
 *(.stab)
 .stab          0x00000000      0x6b4 c:/winavr-20090306rc1/bin/../lib/gcc/avr/4.3.2/../../../../avr/lib/avr5/crtm16.o

.stabstr        0x00000000       0x5f
 *(.stabstr)
 .stabstr       0x00000000       0x5f c:/winavr-20090306rc1/bin/../lib/gcc/avr/4.3.2/../../../../avr/lib/avr5/crtm16.o

.stab.excl
 *(.stab.excl)

.stab.exclstr
 *(.stab.exclstr)

.stab.index
 *(.stab.index)

.stab.indexstr
 *(.stab.indexstr)

.comment
 *(.comment)

.debug
 *(.debug)

.line
 *(.line)

.debug_srcinfo
 *(.debug_srcinfo)

.debug_sfnames
 *(.debug_sfnames)

.debug_aranges  0x00000000       0x60
 *(.debug_aranges)
 .debug_aranges
                0x00000000       0x20 mian.o
 .debug_aranges
                0x00000020       0x20 t6963.o
 .debug_aranges
                0x00000040       0x20 nongli.o

.debug_pubnames
                0x00000000      0x30e
 *(.debug_pubnames)
 .debug_pubnames
                0x00000000      0x132 mian.o
 .debug_pubnames
                0x00000132      0x174 t6963.o
 .debug_pubnames
                0x000002a6       0x68 nongli.o

.debug_info     0x00000000     0x1911
 *(.debug_info)
 .debug_info    0x00000000      0x3b3 mian.o
 .debug_info    0x000003b3      0x9e4 t6963.o
 .debug_info    0x00000d97      0xb7a nongli.o
 *(.gnu.linkonce.wi.*)

.debug_abbrev   0x00000000      0x5ef
 *(.debug_abbrev)
 .debug_abbrev  0x00000000      0x1a4 mian.o
 .debug_abbrev  0x000001a4      0x28e t6963.o
 .debug_abbrev  0x00000432      0x1bd nongli.o

.debug_line     0x00000000     0x1667
 *(.debug_line)
 .debug_line    0x00000000      0x783 mian.o
 .debug_line    0x00000783      0x9e6 t6963.o
 .debug_line    0x00001169      0x4fe nongli.o

.debug_frame    0x00000000      0x280
 *(.debug_frame)
 .debug_frame   0x00000000       0x80 mian.o
 .debug_frame   0x00000080      0x190 t6963.o
 .debug_frame   0x00000210       0x70 nongli.o

.debug_str      0x00000000      0x44a
 *(.debug_str)
 .debug_str     0x00000000      0x17e mian.o
                                0x1d6 (size before relaxing)
 .debug_str     0x0000017e      0x17a t6963.o
                                0x222 (size before relaxing)
 .debug_str     0x000002f8      0x152 nongli.o
                                0x230 (size before relaxing)

.debug_loc      0x00000000     0x1338
 *(.debug_loc)
 .debug_loc     0x00000000       0xa0 mian.o
 .debug_loc     0x000000a0      0x6e7 t6963.o
 .debug_loc     0x00000787      0xbb1 nongli.o

.debug_macinfo
 *(.debug_macinfo)
OUTPUT(T6963C_M16.elf elf32-avr)
LOAD linker stubs
