BL51 BANKED LINKER/LOCATER V6.22.2.0                                                    12/28/2019  19:40:14  PAGE 1


BL51 BANKED LINKER/LOCATER V6.22.2.0, INVOKED BY:
C:\KEIL_V5\C51\BIN\BL51.EXE .\Objects\STARTUP.obj, .\Objects\main.obj TO .\Objects\test PRINT (.\Listings\test.m51)


MEMORY MODEL: SMALL


INPUT MODULES INCLUDED:
  .\Objects\STARTUP.obj (?C_STARTUP)
  .\Objects\main.obj (MAIN)


LINK MAP OF MODULE:  .\Objects\test (?C_STARTUP)


            TYPE    BASE      LENGTH    RELOCATION   SEGMENT NAME
            -----------------------------------------------------

            * * * * * * *   D A T A   M E M O R Y   * * * * * * *
            REG     0000H     0008H     ABSOLUTE     "REG BANK 0"
                    0008H     0018H                  *** GAP ***
            BIT     0020H.0   0000H.1   UNIT         _BIT_GROUP_
                    0020H.1   0000H.7                *** GAP ***
            IDATA   0021H     0001H     UNIT         ?STACK

            * * * * * * *   C O D E   M E M O R Y   * * * * * * *
            CODE    0000H     0003H     ABSOLUTE     
            CODE    0003H     0033H     UNIT         ?PR?_LED?MAIN
            CODE    0036H     002FH     UNIT         ?PR?_SEND_BYTE?MAIN
            CODE    0065H     002FH     UNIT         ?PR?RECEIVE_BYTE?MAIN
            CODE    0094H     0027H     UNIT         ?PR?_HC595?MAIN
            CODE    00BBH     0027H     UNIT         ?PR?_SEND_NUM?MAIN
            CODE    00E2H     0024H     UNIT         ?PR?_READ_AD?MAIN
            CODE    0106H     001EH     UNIT         ?PR?MAIN?MAIN
            CODE    0124H     0010H     UNIT         ?PR?SENDACK?MAIN
            CODE    0134H     000DH     UNIT         ?PR?START?MAIN
            CODE    0141H     000CH     UNIT         ?C_C51STARTUP
            CODE    014DH     000AH     UNIT         ?PR?STOP?MAIN
            CODE    0157H     000AH     UNIT         ?PR?CHECKACK?MAIN
            CODE    0161H     000AH     UNIT         ?CO?MAIN
            CODE    016BH     0007H     UNIT         ?PR?_DELY_US?MAIN



OVERLAY MAP OF MODULE:   .\Objects\test (?C_STARTUP)


SEGMENT                           BIT_GROUP 
  +--> CALLED SEGMENT          START    LENGTH
----------------------------------------------
?C_C51STARTUP                  -----    -----
  +--> ?PR?MAIN?MAIN

?PR?MAIN?MAIN                  -----    -----
  +--> ?PR?_READ_AD?MAIN
  +--> ?PR?_LED?MAIN

?PR?_READ_AD?MAIN              -----    -----
BL51 BANKED LINKER/LOCATER V6.22.2.0                                                  12/28/2019  19:40:14  PAGE 2


  +--> ?PR?START?MAIN
  +--> ?PR?_SEND_BYTE?MAIN
  +--> ?PR?RECEIVE_BYTE?MAIN
  +--> ?PR?SENDACK?MAIN
  +--> ?PR?STOP?MAIN

?PR?_SEND_BYTE?MAIN            -----    -----
  +--> ?PR?CHECKACK?MAIN

?PR?RECEIVE_BYTE?MAIN          -----    -----
  +--> ?PR?SENDACK?MAIN

?PR?SENDACK?MAIN               0020H.0  0000H.1

?PR?_LED?MAIN                  -----    -----
  +--> ?CO?MAIN
  +--> ?PR?_SEND_NUM?MAIN

?PR?_SEND_NUM?MAIN             -----    -----
  +--> ?PR?_HC595?MAIN
  +--> ?PR?_DELY_US?MAIN



SYMBOL TABLE OF MODULE:  .\Objects\test (?C_STARTUP)

  VALUE           TYPE          NAME
  ----------------------------------

  -------         MODULE        ?C_STARTUP
  C:0141H         SEGMENT       ?C_C51STARTUP
  I:0021H         SEGMENT       ?STACK
  C:0000H         PUBLIC        ?C_STARTUP
  D:00E0H         SYMBOL        ACC
  D:00F0H         SYMBOL        B
  D:0083H         SYMBOL        DPH
  D:0082H         SYMBOL        DPL
  N:0000H         SYMBOL        IBPSTACK
  N:0100H         SYMBOL        IBPSTACKTOP
  N:0080H         SYMBOL        IDATALEN
  C:0144H         SYMBOL        IDATALOOP
  N:0000H         SYMBOL        PBPSTACK
  N:0100H         SYMBOL        PBPSTACKTOP
  N:0000H         SYMBOL        PDATALEN
  N:0000H         SYMBOL        PDATASTART
  N:0000H         SYMBOL        PPAGE
  N:0000H         SYMBOL        PPAGEENABLE
  D:00A0H         SYMBOL        PPAGE_SFR
  D:0081H         SYMBOL        SP
  C:0141H         SYMBOL        STARTUP1
  N:0000H         SYMBOL        XBPSTACK
  N:0000H         SYMBOL        XBPSTACKTOP
  N:0000H         SYMBOL        XDATALEN
  N:0000H         SYMBOL        XDATASTART
  C:0000H         LINE#         126
  C:0141H         LINE#         133
  C:0143H         LINE#         134
BL51 BANKED LINKER/LOCATER V6.22.2.0                                                  12/28/2019  19:40:14  PAGE 3


  C:0144H         LINE#         135
  C:0145H         LINE#         136
  C:0147H         LINE#         185
  C:014AH         LINE#         196
  -------         ENDMOD        ?C_STARTUP

  -------         MODULE        MAIN
  C:0000H         SYMBOL        _ICE_DUMMY_
  C:0065H         PUBLIC        receive_byte
  D:0080H         PUBLIC        P0
  D:0090H         PUBLIC        P1
  D:00A0H         PUBLIC        P2
  C:0161H         PUBLIC        LED_DIG
  B:0080H.0       PUBLIC        MADA
  B:00A0H.2       PUBLIC        DS
  C:016BH         PUBLIC        _Dely_US
  C:0106H         PUBLIC        main
  C:0094H         PUBLIC        _HC595
  B:00A0H.1       PUBLIC        SHCP
  C:0134H         PUBLIC        start
  B:00A0H.0       PUBLIC        STCP
  C:0036H         PUBLIC        _send_byte
  C:014DH         PUBLIC        stop
  C:0157H         PUBLIC        checkACK
  C:0003H         PUBLIC        _LED
  B:0090H.0       PUBLIC        SDA
  C:00D1H         PUBLIC        _send_num
  B:0090H.1       PUBLIC        SCL
  C:00E2H         PUBLIC        _Read_AD
  C:0124H         PUBLIC        sendACK
  -------         PROC          _DELY_US
  D:0007H         SYMBOL        tim
  C:016BH         LINE#         14
  C:016BH         LINE#         15
  C:0171H         LINE#         16
  -------         ENDPROC       _DELY_US
  -------         PROC          START
  C:0134H         LINE#         18
  C:0134H         LINE#         19
  C:0136H         LINE#         20
  C:0137H         LINE#         21
  C:0139H         LINE#         22
  C:013AH         LINE#         23
  C:013CH         LINE#         24
  C:013DH         LINE#         25
  C:013FH         LINE#         26
  C:0140H         LINE#         27
  -------         ENDPROC       START
  -------         PROC          STOP
  C:014DH         LINE#         29
  C:014DH         LINE#         30
  C:014FH         LINE#         31
  C:0150H         LINE#         32
  C:0152H         LINE#         33
  C:0153H         LINE#         34
  C:0155H         LINE#         35
  C:0156H         LINE#         36
BL51 BANKED LINKER/LOCATER V6.22.2.0                                                  12/28/2019  19:40:14  PAGE 4


  -------         ENDPROC       STOP
  -------         PROC          CHECKACK
  C:0157H         LINE#         38
  C:0157H         LINE#         39
  C:0159H         LINE#         40
  C:015AH         LINE#         41
  C:015DH         LINE#         42
  C:015FH         LINE#         43
  C:0160H         LINE#         44
  -------         ENDPROC       CHECKACK
  -------         PROC          SENDACK
  B:0020H.0       SYMBOL        ACK
  C:0124H         LINE#         46
  C:0124H         LINE#         47
  C:012BH         LINE#         48
  C:012DH         LINE#         49
  C:012FH         LINE#         50
  C:0130H         LINE#         51
  C:0132H         LINE#         52
  C:0133H         LINE#         53
  -------         ENDPROC       SENDACK
  -------         PROC          _SEND_BYTE
  D:0007H         SYMBOL        date
  -------         DO            
  D:0006H         SYMBOL        i
  D:0007H         SYMBOL        temp
  -------         ENDDO         
  C:0036H         LINE#         55
  C:0036H         LINE#         57
  C:0036H         LINE#         58
  C:0042H         LINE#         59
  C:0042H         LINE#         60
  C:004AH         LINE#         61
  C:004CH         LINE#         62
  C:004DH         LINE#         63
  C:004FH         LINE#         64
  C:0050H         LINE#         65
  C:0051H         LINE#         66
  C:0052H         LINE#         67
  C:0053H         LINE#         68
  C:0054H         LINE#         69
  C:0056H         LINE#         70
  C:0057H         LINE#         71
  C:0058H         LINE#         72
  C:0059H         LINE#         73
  C:005AH         LINE#         74
  C:005BH         LINE#         75
  C:005FH         LINE#         76
  C:0062H         LINE#         77
  -------         ENDPROC       _SEND_BYTE
  -------         PROC          RECEIVE_BYTE
  -------         DO            
  D:0006H         SYMBOL        i
  D:0007H         SYMBOL        temp
  -------         ENDDO         
  C:0065H         LINE#         80
  C:0065H         LINE#         82
BL51 BANKED LINKER/LOCATER V6.22.2.0                                                  12/28/2019  19:40:14  PAGE 5


  C:0067H         LINE#         83
  C:0068H         LINE#         84
  C:0074H         LINE#         85
  C:0076H         LINE#         86
  C:0077H         LINE#         87
  C:0078H         LINE#         88
  C:0079H         LINE#         89
  C:007AH         LINE#         90
  C:007BH         LINE#         91
  C:0085H         LINE#         92
  C:0087H         LINE#         93
  C:0088H         LINE#         94
  C:0089H         LINE#         95
  C:008AH         LINE#         96
  C:008BH         LINE#         97
  C:008CH         LINE#         98
  C:008FH         LINE#         99
  -------         ENDPROC       RECEIVE_BYTE
  -------         PROC          _READ_AD
  D:0005H         SYMBOL        chn
  -------         DO            
  D:0007H         SYMBOL        ad_data
  -------         ENDDO         
  C:00E2H         LINE#         102
  C:00E4H         LINE#         104
  C:00E7H         LINE#         105
  C:00ECH         LINE#         106
  C:00F3H         LINE#         108
  C:00F6H         LINE#         109
  C:00FBH         LINE#         111
  C:00FEH         LINE#         112
  C:0103H         LINE#         113
  -------         ENDPROC       _READ_AD
  -------         PROC          _HC595
  D:0007H         SYMBOL        x
  -------         DO            
  D:0006H         SYMBOL        i
  -------         ENDDO         
  C:0094H         LINE#         116
  C:0094H         LINE#         118
  C:00A0H         LINE#         119
  C:00A2H         LINE#         120
  C:00AFH         LINE#         121
  C:00B3H         LINE#         123
  C:00B5H         LINE#         124
  C:00B7H         LINE#         125
  C:00BAH         LINE#         126
  -------         ENDPROC       _HC595
  -------         PROC          L?0038
  -------         ENDPROC       L?0038
  -------         PROC          _SEND_NUM
  D:0007H         SYMBOL        f
  D:0005H         SYMBOL        s
  C:00D1H         LINE#         127
  C:00D1H         LINE#         128
  C:00D3H         LINE#         129
  C:00D6H         LINE#         130
BL51 BANKED LINKER/LOCATER V6.22.2.0                                                  12/28/2019  19:40:14  PAGE 6


  C:00DBH         LINE#         131
  C:00DDH         LINE#         132
  -------         ENDPROC       _SEND_NUM
  -------         PROC          _LED
  D:0004H         SYMBOL        n
  C:0003H         LINE#         134
  C:0005H         LINE#         135
  C:0014H         LINE#         136
  C:0014H         LINE#         138
  C:0017H         LINE#         139
  C:0017H         LINE#         141
  C:001AH         LINE#         142
  C:0021H         LINE#         145
  C:002FH         LINE#         146
  -------         ENDPROC       _LED
  -------         PROC          MAIN
  -------         DO            
  D:0003H         SYMBOL        temp
  -------         ENDDO         
  C:0106H         LINE#         149
  C:0106H         LINE#         151
  C:0108H         LINE#         152
  C:0108H         LINE#         153
  C:010FH         LINE#         154
  C:0112H         LINE#         155
  C:011CH         LINE#         156
  C:0120H         LINE#         158
  C:0122H         LINE#         159
  -------         ENDPROC       MAIN
  -------         ENDMOD        MAIN

Program Size: data=9.1 xdata=0 code=370
LINK/LOCATE RUN COMPLETE.  0 WARNING(S),  0 ERROR(S)
